Component: ARM Compiler 5.06 update 5 (build 528) Tool: armlink [4d35e2]

==============================================================================

Section Cross References

    main.o(i.main) refers to my_rtos.o(i.My_RTOS_Start) for My_RTOS_Start
    my_rtos.o(i.CmdTask) refers to task.o(i.task_delay) for task_delay
    my_rtos.o(i.CmdTask) refers to led.o(i.LED0_Init) for LED0_Init
    my_rtos.o(i.CmdTask) refers to semaphore.o(i.mutex_lock) for mutex_lock
    my_rtos.o(i.CmdTask) refers to semaphore.o(i.mutex_unlock) for mutex_unlock
    my_rtos.o(i.CmdTask) refers to my_rtos.o(.bss) for CmdTask_Handler
    my_rtos.o(i.GuardFault_Handler) refers to printf8.o(i.__0printf$8) for __2printf
    my_rtos.o(i.HardFault_Diagnose) refers to printf8.o(i.__0printf$8) for __2printf
    my_rtos.o(i.My_RTOS_Start) refers to sched.o(i.scheduler_init) for scheduler_init
    my_rtos.o(i.My_RTOS_Start) refers to sched.o(i.systick_init_1ms) for systick_init_1ms
    my_rtos.o(i.My_RTOS_Start) refers to timers.o(i.timer_init) for timer_init
    my_rtos.o(i.My_RTOS_Start) refers to queue.o(i.queue_create) for queue_create
    my_rtos.o(i.My_RTOS_Start) refers to task.o(i.task_create) for task_create
    my_rtos.o(i.My_RTOS_Start) refers to usart.o(i.Usart_Init) for Usart_Init
    my_rtos.o(i.My_RTOS_Start) refers to task_switch.o(.text) for start_scheduler
    my_rtos.o(i.My_RTOS_Start) refers to my_rtos.o(i.led_blink_cb) for led_blink_cb
    my_rtos.o(i.My_RTOS_Start) refers to my_rtos.o(.bss) for blink_timer
    my_rtos.o(i.My_RTOS_Start) refers to usart.o(.bss) for buffer
    my_rtos.o(i.My_RTOS_Start) refers to timers.o(.bss) for timer_queue_buf
    my_rtos.o(i.My_RTOS_Start) refers to my_rtos.o(i.Start_Task) for Start_Task
    my_rtos.o(i.NotifyTestTask) refers to task.o(i.task_notify_wait) for task_notify_wait
    my_rtos.o(i.NotifyTestTask) refers to printf8.o(i.__0printf$8) for __2printf
    my_rtos.o(i.NotifyTestTask) refers to led.o(i.LED0_On) for LED0_On
    my_rtos.o(i.NotifyTestTask) refers to led.o(i.LED0_Off) for LED0_Off
    my_rtos.o(i.Start_Task) refers to led.o(i.LED1_Init) for LED1_Init
    my_rtos.o(i.Start_Task) refers to sched.o(i.enter_critical) for enter_critical
    my_rtos.o(i.Start_Task) refers to task.o(i.task_create) for task_create
    my_rtos.o(i.Start_Task) refers to sched.o(i.exit_critical) for exit_critical
    my_rtos.o(i.Start_Task) refers to my_rtos.o(.bss) for CmdTask_Stack
    my_rtos.o(i.Start_Task) refers to my_rtos.o(i.CmdTask) for CmdTask
    my_rtos.o(i.Start_Task) refers to my_rtos.o(i.Task1) for Task1
    my_rtos.o(i.Start_Task) refers to my_rtos.o(i.Task2) for Task2
    my_rtos.o(i.Start_Task) refers to my_rtos.o(i.TimerDaemonTask) for TimerDaemonTask
    my_rtos.o(i.Start_Task) refers to my_rtos.o(i.NotifyTestTask) for NotifyTestTask
    my_rtos.o(i.SysTick_Handler) refers to sched.o(i.scheduler_tick_1ms) for scheduler_tick_1ms
    my_rtos.o(i.SysTick_Handler) refers to timers.o(i.timer_tick) for timer_tick
    my_rtos.o(i.SysTick_Handler) refers to task.o(i.delay_list_tick) for delay_list_tick
    my_rtos.o(i.SysTick_Handler) refers to task.o(.data) for system_tick
    my_rtos.o(i.Task1) refers to task.o(i.task_delay) for task_delay
    my_rtos.o(i.Task1) refers to queue.o(i.queue_recv) for queue_recv
    my_rtos.o(i.Task1) refers to strcmp.o(.text) for strcmp
    my_rtos.o(i.Task1) refers to timers.o(i.timer_start) for timer_start
    my_rtos.o(i.Task1) refers to event_groups.o(i.event_group_set) for event_group_set
    my_rtos.o(i.Task1) refers to task.o(i.task_notify) for task_notify
    my_rtos.o(i.Task1) refers to timers.o(i.timer_stop) for timer_stop
    my_rtos.o(i.Task1) refers to my_rtos.o(.bss) for Task1_Handler
    my_rtos.o(i.Task1) refers to my_rtos.o(.data) for test_eg
    my_rtos.o(i.Task1) refers to usart.o(.data) for size
    my_rtos.o(i.Task2) refers to event_groups.o(i.event_group_wait) for event_group_wait
    my_rtos.o(i.Task2) refers to led.o(i.LED0_Toggle) for LED0_Toggle
    my_rtos.o(i.Task2) refers to task.o(i.task_delay) for task_delay
    my_rtos.o(i.Task2) refers to event_groups.o(i.event_group_clear) for event_group_clear
    my_rtos.o(i.Task2) refers to my_rtos.o(.data) for test_eg
    my_rtos.o(i.Task2) refers to my_rtos.o(.bss) for Task2_Handler
    my_rtos.o(i.TimerDaemonTask) refers to led.o(i.LED1_Init) for LED1_Init
    my_rtos.o(i.TimerDaemonTask) refers to queue.o(i.queue_recv) for queue_recv
    my_rtos.o(i.TimerDaemonTask) refers to timers.o(i.timer_start) for timer_start
    my_rtos.o(i.TimerDaemonTask) refers to timers.o(.bss) for timer_queue
    my_rtos.o(i.USART1_IRQHandler) refers to queue.o(i.queue_send_from_isr) for queue_send_from_isr
    my_rtos.o(i.USART1_IRQHandler) refers to usart.o(.data) for size
    my_rtos.o(i.USART1_IRQHandler) refers to usart.o(.bss) for buffer
    my_rtos.o(i.USART1_IRQHandler) refers to my_rtos.o(.bss) for queue1
    my_rtos.o(i.led_blink_cb) refers to led.o(i.LED1_Toggle) for LED1_Toggle
    my_rtos.o(i.led_blink_cb) refers to printf8.o(i.__0printf$8) for __2printf
    sched.o(i.enter_critical) refers to sched.o(i.__set_BASEPRI) for __set_BASEPRI
    sched.o(i.exit_critical) refers to sched.o(i.__set_BASEPRI) for __set_BASEPRI
    sched.o(i.scheduler_add) refers to sched.o(i.enter_critical) for enter_critical
    sched.o(i.scheduler_add) refers to task.o(i.pend_to_list) for pend_to_list
    sched.o(i.scheduler_add) refers to sched.o(i.exit_critical) for exit_critical
    sched.o(i.scheduler_add) refers to task.o(i.need_preempt) for need_preempt
    sched.o(i.scheduler_add) refers to sched.o(i.trigger_switch) for trigger_switch
    sched.o(i.scheduler_add) refers to task.o(.bss) for ready_queues
    sched.o(i.scheduler_add) refers to task_switch.o(TCB_BSS) for current_tcb
    sched.o(i.scheduler_add_from_isr) refers to task.o(i.pend_to_list) for pend_to_list
    sched.o(i.scheduler_add_from_isr) refers to task.o(.bss) for ready_queues
    sched.o(i.scheduler_get_next) refers to sched.o(i.enter_critical) for enter_critical
    sched.o(i.scheduler_get_next) refers to sched.o(i.exit_critical) for exit_critical
    sched.o(i.scheduler_get_next) refers to task.o(.bss) for ready_queues
    sched.o(i.scheduler_init) refers to task.o(.bss) for ready_queues
    sched.o(i.scheduler_on_pendsv) refers to sched.o(i.scheduler_add) for scheduler_add
    sched.o(i.scheduler_on_pendsv) refers to sched.o(i.scheduler_get_next) for scheduler_get_next
    sched.o(i.scheduler_on_pendsv) refers to task_switch.o(TCB_BSS) for current_tcb
    sched.o(i.scheduler_on_pendsv) refers to sched.o(.data) for slice_expired
    sched.o(i.scheduler_on_pendsv) refers to task.o(.bss) for ready_queues
    sched.o(i.scheduler_remove) refers to sched.o(i.enter_critical) for enter_critical
    sched.o(i.scheduler_remove) refers to sched.o(i.exit_critical) for exit_critical
    sched.o(i.scheduler_remove) refers to task.o(.bss) for ready_queues
    sched.o(i.scheduler_tick_1ms) refers to sched.o(i.trigger_switch) for trigger_switch
    sched.o(i.scheduler_tick_1ms) refers to task_switch.o(TCB_BSS) for current_tcb
    sched.o(i.scheduler_tick_1ms) refers to sched.o(.data) for slice_ticks
    sched.o(i.systick_init_1ms) refers to system_stm32f10x.o(i.SystemCoreClockUpdate) for SystemCoreClockUpdate
    sched.o(i.systick_init_1ms) refers to system_stm32f10x.o(.data) for SystemCoreClock
    sched.o(i.trigger_switch) refers to sched.o(.data) for scheduler_suspended
    sched.o(i.vTaskSuspendAll) refers to sched.o(.data) for scheduler_suspended
    sched.o(i.xTaskResumeAll) refers to sched.o(.data) for scheduler_suspended
    task.o(i.delay_list_add) refers to sched.o(i.enter_critical) for enter_critical
    task.o(i.delay_list_add) refers to sched.o(i.exit_critical) for exit_critical
    task.o(i.delay_list_add) refers to task.o(.data) for delay_list_head
    task.o(i.delay_list_tick) refers to sched.o(i.enter_critical) for enter_critical
    task.o(i.delay_list_tick) refers to sched.o(i.scheduler_add) for scheduler_add
    task.o(i.delay_list_tick) refers to sched.o(i.exit_critical) for exit_critical
    task.o(i.delay_list_tick) refers to task.o(.data) for delay_list_head
    task.o(i.need_preempt) refers to task_switch.o(TCB_BSS) for current_tcb
    task.o(i.task_create) refers to task.o(i.task_stack_init) for task_stack_init
    task.o(i.task_create) refers to task.o(i.pend_to_list) for pend_to_list
    task.o(i.task_create) refers to task.o(.bss) for ready_queues
    task.o(i.task_delay) refers to sched.o(i.scheduler_remove) for scheduler_remove
    task.o(i.task_delay) refers to task.o(i.delay_list_add) for delay_list_add
    task.o(i.task_delay) refers to task.o(i.trigger_switch) for trigger_switch
    task.o(i.task_delay) refers to task_switch.o(TCB_BSS) for current_tcb
    task.o(i.task_delay) refers to task.o(.data) for system_tick
    task.o(i.task_notify) refers to sched.o(i.enter_critical) for enter_critical
    task.o(i.task_notify) refers to sched.o(i.scheduler_add_from_isr) for scheduler_add_from_isr
    task.o(i.task_notify) refers to sched.o(i.exit_critical) for exit_critical
    task.o(i.task_notify) refers to task.o(.data) for notify_blocked_list
    task.o(i.task_notify_from_isr) refers to sched.o(i.scheduler_add_from_isr) for scheduler_add_from_isr
    task.o(i.task_notify_from_isr) refers to task.o(.data) for notify_blocked_list
    task.o(i.task_notify_wait) refers to sched.o(i.enter_critical) for enter_critical
    task.o(i.task_notify_wait) refers to sched.o(i.exit_critical) for exit_critical
    task.o(i.task_notify_wait) refers to task.o(i.trigger_switch) for trigger_switch
    task.o(i.task_notify_wait) refers to task_switch.o(TCB_BSS) for current_tcb
    task.o(i.task_notify_wait) refers to task.o(.data) for notify_blocked_list
    task.o(i.trigger_switch) refers to sched.o(.data) for scheduler_suspended
    task.o(i.wake_one) refers to sched.o(i.scheduler_add_from_isr) for scheduler_add_from_isr
    semaphore.o(i.mutex_lock) refers to sched.o(i.enter_critical) for enter_critical
    semaphore.o(i.mutex_lock) refers to sched.o(i.exit_critical) for exit_critical
    semaphore.o(i.mutex_lock) refers to sched.o(i.scheduler_remove) for scheduler_remove
    semaphore.o(i.mutex_lock) refers to sched.o(i.scheduler_add) for scheduler_add
    semaphore.o(i.mutex_lock) refers to semaphore.o(i.trigger_switch) for trigger_switch
    semaphore.o(i.mutex_lock) refers to task_switch.o(TCB_BSS) for current_tcb
    semaphore.o(i.mutex_unlock) refers to sched.o(i.enter_critical) for enter_critical
    semaphore.o(i.mutex_unlock) refers to sched.o(i.exit_critical) for exit_critical
    semaphore.o(i.mutex_unlock) refers to sched.o(i.scheduler_add) for scheduler_add
    semaphore.o(i.mutex_unlock) refers to task_switch.o(TCB_BSS) for current_tcb
    semaphore.o(i.sem_give) refers to sched.o(i.enter_critical) for enter_critical
    semaphore.o(i.sem_give) refers to sched.o(i.scheduler_add) for scheduler_add
    semaphore.o(i.sem_give) refers to sched.o(i.exit_critical) for exit_critical
    semaphore.o(i.sem_give_from_isr) refers to sched.o(i.vTaskSuspendAll) for vTaskSuspendAll
    semaphore.o(i.sem_give_from_isr) refers to task.o(i.wake_one) for wake_one
    semaphore.o(i.sem_give_from_isr) refers to sched.o(i.xTaskResumeAll) for xTaskResumeAll
    semaphore.o(i.sem_take) refers to sched.o(i.enter_critical) for enter_critical
    semaphore.o(i.sem_take) refers to sched.o(i.exit_critical) for exit_critical
    semaphore.o(i.sem_take) refers to task.o(i.pend_to_list) for pend_to_list
    semaphore.o(i.sem_take) refers to semaphore.o(i.trigger_switch) for trigger_switch
    semaphore.o(i.sem_take) refers to task_switch.o(TCB_BSS) for current_tcb
    semaphore.o(i.sem_take_from_isr) refers to sched.o(i.vTaskSuspendAll) for vTaskSuspendAll
    semaphore.o(i.sem_take_from_isr) refers to sched.o(i.xTaskResumeAll) for xTaskResumeAll
    semaphore.o(i.trigger_switch) refers to sched.o(.data) for scheduler_suspended
    task_switch.o(.text) refers to sched.o(i.scheduler_get_next) for scheduler_get_next
    task_switch.o(.text) refers to my_rtos.o(i.HardFault_Diagnose) for HardFault_Diagnose
    task_switch.o(.text) refers to sched.o(i.scheduler_on_pendsv) for scheduler_on_pendsv
    task_switch.o(.text) refers to task_switch.o(TCB_BSS) for current_tcb
    task_switch.o(.text) refers to my_rtos.o(i.GuardFault_Handler) for GuardFault_Handler
    queue.o(i.queue_recv) refers to sched.o(i.enter_critical) for enter_critical
    queue.o(i.queue_recv) refers to task.o(i.pend_to_list) for pend_to_list
    queue.o(i.queue_recv) refers to sched.o(i.exit_critical) for exit_critical
    queue.o(i.queue_recv) refers to queue.o(i.trigger_switch) for trigger_switch
    queue.o(i.queue_recv) refers to queue.o(i.my_memcpy) for my_memcpy
    queue.o(i.queue_recv) refers to task.o(i.wake_one) for wake_one
    queue.o(i.queue_recv) refers to task.o(i.need_preempt) for need_preempt
    queue.o(i.queue_recv) refers to task_switch.o(TCB_BSS) for current_tcb
    queue.o(i.queue_recv_from_isr) refers to sched.o(i.vTaskSuspendAll) for vTaskSuspendAll
    queue.o(i.queue_recv_from_isr) refers to queue.o(i.my_memcpy) for my_memcpy
    queue.o(i.queue_recv_from_isr) refers to task.o(i.wake_one) for wake_one
    queue.o(i.queue_recv_from_isr) refers to sched.o(i.xTaskResumeAll) for xTaskResumeAll
    queue.o(i.queue_send) refers to sched.o(i.enter_critical) for enter_critical
    queue.o(i.queue_send) refers to task.o(i.pend_to_list) for pend_to_list
    queue.o(i.queue_send) refers to sched.o(i.exit_critical) for exit_critical
    queue.o(i.queue_send) refers to queue.o(i.trigger_switch) for trigger_switch
    queue.o(i.queue_send) refers to queue.o(i.my_memcpy) for my_memcpy
    queue.o(i.queue_send) refers to task.o(i.wake_one) for wake_one
    queue.o(i.queue_send) refers to task.o(i.need_preempt) for need_preempt
    queue.o(i.queue_send) refers to task_switch.o(TCB_BSS) for current_tcb
    queue.o(i.queue_send_from_isr) refers to sched.o(i.vTaskSuspendAll) for vTaskSuspendAll
    queue.o(i.queue_send_from_isr) refers to queue.o(i.my_memcpy) for my_memcpy
    queue.o(i.queue_send_from_isr) refers to task.o(i.wake_one) for wake_one
    queue.o(i.queue_send_from_isr) refers to sched.o(i.xTaskResumeAll) for xTaskResumeAll
    queue.o(i.trigger_switch) refers to sched.o(.data) for scheduler_suspended
    timers.o(i.timer_start) refers to sched.o(i.enter_critical) for enter_critical
    timers.o(i.timer_start) refers to sched.o(i.exit_critical) for exit_critical
    timers.o(i.timer_start) refers to timers.o(.data) for timer_head
    timers.o(i.timer_stop) refers to sched.o(i.enter_critical) for enter_critical
    timers.o(i.timer_stop) refers to sched.o(i.exit_critical) for exit_critical
    timers.o(i.timer_stop) refers to timers.o(.data) for timer_head
    timers.o(i.timer_tick) refers to queue.o(i.queue_send_from_isr) for queue_send_from_isr
    timers.o(i.timer_tick) refers to timers.o(.data) for timer_head
    timers.o(i.timer_tick) refers to timers.o(.bss) for timer_queue
    event_groups.o(i.event_group_clear) refers to sched.o(i.enter_critical) for enter_critical
    event_groups.o(i.event_group_clear) refers to sched.o(i.exit_critical) for exit_critical
    event_groups.o(i.event_group_set) refers to sched.o(i.enter_critical) for enter_critical
    event_groups.o(i.event_group_set) refers to sched.o(i.scheduler_add) for scheduler_add
    event_groups.o(i.event_group_set) refers to sched.o(i.exit_critical) for exit_critical
    event_groups.o(i.event_group_wait) refers to sched.o(i.enter_critical) for enter_critical
    event_groups.o(i.event_group_wait) refers to sched.o(i.exit_critical) for exit_critical
    event_groups.o(i.event_group_wait) refers to task_switch.o(TCB_BSS) for current_tcb
    event_groups.o(i.event_group_wait) refers to sched.o(.data) for scheduler_suspended
    heap.o(i.heap_free) refers to sched.o(i.enter_critical) for enter_critical
    heap.o(i.heap_free) refers to sched.o(i.exit_critical) for exit_critical
    heap.o(i.heap_free) refers to heap.o(.data) for head
    heap.o(i.heap_init) refers to heap.o(.bss) for heap_mem
    heap.o(i.heap_init) refers to heap.o(.data) for head
    heap.o(i.heap_malloc) refers to sched.o(i.enter_critical) for enter_critical
    heap.o(i.heap_malloc) refers to sched.o(i.exit_critical) for exit_critical
    heap.o(i.heap_malloc) refers to heap.o(.data) for head
    led.o(i.LED0_Init) refers to led.o(i.LED0_Off) for LED0_Off
    led.o(i.LED1_Init) refers to led.o(i.LED1_Off) for LED1_Off
    usart.o(i.Usart_TransmitString) refers to usart.o(i.Usart_TransmitChar) for Usart_TransmitChar
    usart.o(i.fputc) refers to usart.o(i.Usart_TransmitChar) for Usart_TransmitChar
    startup_stm32f10x_md.o(RESET) refers to startup_stm32f10x_md.o(STACK) for __initial_sp
    startup_stm32f10x_md.o(RESET) refers to startup_stm32f10x_md.o(.text) for Reset_Handler
    startup_stm32f10x_md.o(RESET) refers to task_switch.o(.text) for HardFault_Handler
    startup_stm32f10x_md.o(RESET) refers to my_rtos.o(i.SysTick_Handler) for SysTick_Handler
    startup_stm32f10x_md.o(RESET) refers to my_rtos.o(i.USART1_IRQHandler) for USART1_IRQHandler
    startup_stm32f10x_md.o(.text) refers to system_stm32f10x.o(i.SystemInit) for SystemInit
    startup_stm32f10x_md.o(.text) refers to entry.o(.ARM.Collect$$$$00000000) for __main
    system_stm32f10x.o(i.SetSysClock) refers to system_stm32f10x.o(i.SetSysClockTo72) for SetSysClockTo72
    system_stm32f10x.o(i.SystemCoreClockUpdate) refers to system_stm32f10x.o(.data) for SystemCoreClock
    system_stm32f10x.o(i.SystemInit) refers to system_stm32f10x.o(i.SetSysClock) for SetSysClock
    entry.o(.ARM.Collect$$$$00000000) refers (Special) to entry10a.o(.ARM.Collect$$$$0000000D) for __rt_final_cpp
    entry.o(.ARM.Collect$$$$00000000) refers (Special) to entry11a.o(.ARM.Collect$$$$0000000F) for __rt_final_exit
    entry.o(.ARM.Collect$$$$00000000) refers (Special) to entry7b.o(.ARM.Collect$$$$00000008) for _main_clock
    entry.o(.ARM.Collect$$$$00000000) refers (Special) to entry8b.o(.ARM.Collect$$$$0000000A) for _main_cpp_init
    entry.o(.ARM.Collect$$$$00000000) refers (Special) to entry9a.o(.ARM.Collect$$$$0000000B) for _main_init
    entry.o(.ARM.Collect$$$$00000000) refers (Special) to entry5.o(.ARM.Collect$$$$00000004) for _main_scatterload
    entry.o(.ARM.Collect$$$$00000000) refers (Special) to entry2.o(.ARM.Collect$$$$00000001) for _main_stk
    printfb.o(i.__0fprintf$bare) refers to printfb.o(i._printf_core) for _printf_core
    printfb.o(i.__0fprintf$bare) refers to usart.o(i.fputc) for fputc
    printfb.o(i.__0printf$bare) refers to printfb.o(i._printf_core) for _printf_core
    printfb.o(i.__0printf$bare) refers to usart.o(i.fputc) for fputc
    printfb.o(i.__0printf$bare) refers to stdout.o(.data) for __stdout
    printfb.o(i.__0snprintf$bare) refers to printfb.o(i._printf_core) for _printf_core
    printfb.o(i.__0snprintf$bare) refers to printfb.o(i._snputc) for _snputc
    printfb.o(i.__0sprintf$bare) refers to printfb.o(i._printf_core) for _printf_core
    printfb.o(i.__0sprintf$bare) refers to printfb.o(i._sputc) for _sputc
    printfb.o(i.__0vfprintf$bare) refers to printfb.o(i._printf_core) for _printf_core
    printfb.o(i.__0vfprintf$bare) refers to usart.o(i.fputc) for fputc
    printfb.o(i.__0vprintf$bare) refers to printfb.o(i._printf_core) for _printf_core
    printfb.o(i.__0vprintf$bare) refers to usart.o(i.fputc) for fputc
    printfb.o(i.__0vprintf$bare) refers to stdout.o(.data) for __stdout
    printfb.o(i.__0vsnprintf$bare) refers to printfb.o(i._printf_core) for _printf_core
    printfb.o(i.__0vsnprintf$bare) refers to printfb.o(i._snputc) for _snputc
    printfb.o(i.__0vsprintf$bare) refers to printfb.o(i._printf_core) for _printf_core
    printfb.o(i.__0vsprintf$bare) refers to printfb.o(i._sputc) for _sputc
    printf0.o(i.__0fprintf$0) refers to printf0.o(i._printf_core) for _printf_core
    printf0.o(i.__0fprintf$0) refers to usart.o(i.fputc) for fputc
    printf0.o(i.__0printf$0) refers to printf0.o(i._printf_core) for _printf_core
    printf0.o(i.__0printf$0) refers to usart.o(i.fputc) for fputc
    printf0.o(i.__0printf$0) refers to stdout.o(.data) for __stdout
    printf0.o(i.__0snprintf$0) refers to printf0.o(i._printf_core) for _printf_core
    printf0.o(i.__0snprintf$0) refers to printf0.o(i._snputc) for _snputc
    printf0.o(i.__0sprintf$0) refers to printf0.o(i._printf_core) for _printf_core
    printf0.o(i.__0sprintf$0) refers to printf0.o(i._sputc) for _sputc
    printf0.o(i.__0vfprintf$0) refers to printf0.o(i._printf_core) for _printf_core
    printf0.o(i.__0vfprintf$0) refers to usart.o(i.fputc) for fputc
    printf0.o(i.__0vprintf$0) refers to printf0.o(i._printf_core) for _printf_core
    printf0.o(i.__0vprintf$0) refers to usart.o(i.fputc) for fputc
    printf0.o(i.__0vprintf$0) refers to stdout.o(.data) for __stdout
    printf0.o(i.__0vsnprintf$0) refers to printf0.o(i._printf_core) for _printf_core
    printf0.o(i.__0vsnprintf$0) refers to printf0.o(i._snputc) for _snputc
    printf0.o(i.__0vsprintf$0) refers to printf0.o(i._printf_core) for _printf_core
    printf0.o(i.__0vsprintf$0) refers to printf0.o(i._sputc) for _sputc
    printf1.o(i.__0fprintf$1) refers to printf1.o(i._printf_core) for _printf_core
    printf1.o(i.__0fprintf$1) refers to usart.o(i.fputc) for fputc
    printf1.o(i.__0printf$1) refers to printf1.o(i._printf_core) for _printf_core
    printf1.o(i.__0printf$1) refers to usart.o(i.fputc) for fputc
    printf1.o(i.__0printf$1) refers to stdout.o(.data) for __stdout
    printf1.o(i.__0snprintf$1) refers to printf1.o(i._printf_core) for _printf_core
    printf1.o(i.__0snprintf$1) refers to printf1.o(i._snputc) for _snputc
    printf1.o(i.__0sprintf$1) refers to printf1.o(i._printf_core) for _printf_core
    printf1.o(i.__0sprintf$1) refers to printf1.o(i._sputc) for _sputc
    printf1.o(i.__0vfprintf$1) refers to printf1.o(i._printf_core) for _printf_core
    printf1.o(i.__0vfprintf$1) refers to usart.o(i.fputc) for fputc
    printf1.o(i.__0vprintf$1) refers to printf1.o(i._printf_core) for _printf_core
    printf1.o(i.__0vprintf$1) refers to usart.o(i.fputc) for fputc
    printf1.o(i.__0vprintf$1) refers to stdout.o(.data) for __stdout
    printf1.o(i.__0vsnprintf$1) refers to printf1.o(i._printf_core) for _printf_core
    printf1.o(i.__0vsnprintf$1) refers to printf1.o(i._snputc) for _snputc
    printf1.o(i.__0vsprintf$1) refers to printf1.o(i._printf_core) for _printf_core
    printf1.o(i.__0vsprintf$1) refers to printf1.o(i._sputc) for _sputc
    printf1.o(i._printf_core) refers to uidiv.o(.text) for __aeabi_uidivmod
    printf2.o(i.__0fprintf$2) refers to printf2.o(i._printf_core) for _printf_core
    printf2.o(i.__0fprintf$2) refers to usart.o(i.fputc) for fputc
    printf2.o(i.__0printf$2) refers to printf2.o(i._printf_core) for _printf_core
    printf2.o(i.__0printf$2) refers to usart.o(i.fputc) for fputc
    printf2.o(i.__0printf$2) refers to stdout.o(.data) for __stdout
    printf2.o(i.__0snprintf$2) refers to printf2.o(i._printf_core) for _printf_core
    printf2.o(i.__0snprintf$2) refers to printf2.o(i._snputc) for _snputc
    printf2.o(i.__0sprintf$2) refers to printf2.o(i._printf_core) for _printf_core
    printf2.o(i.__0sprintf$2) refers to printf2.o(i._sputc) for _sputc
    printf2.o(i.__0vfprintf$2) refers to printf2.o(i._printf_core) for _printf_core
    printf2.o(i.__0vfprintf$2) refers to usart.o(i.fputc) for fputc
    printf2.o(i.__0vprintf$2) refers to printf2.o(i._printf_core) for _printf_core
    printf2.o(i.__0vprintf$2) refers to usart.o(i.fputc) for fputc
    printf2.o(i.__0vprintf$2) refers to stdout.o(.data) for __stdout
    printf2.o(i.__0vsnprintf$2) refers to printf2.o(i._printf_core) for _printf_core
    printf2.o(i.__0vsnprintf$2) refers to printf2.o(i._snputc) for _snputc
    printf2.o(i.__0vsprintf$2) refers to printf2.o(i._printf_core) for _printf_core
    printf2.o(i.__0vsprintf$2) refers to printf2.o(i._sputc) for _sputc
    printf3.o(i.__0fprintf$3) refers to printf3.o(i._printf_core) for _printf_core
    printf3.o(i.__0fprintf$3) refers to usart.o(i.fputc) for fputc
    printf3.o(i.__0printf$3) refers to printf3.o(i._printf_core) for _printf_core
    printf3.o(i.__0printf$3) refers to usart.o(i.fputc) for fputc
    printf3.o(i.__0printf$3) refers to stdout.o(.data) for __stdout
    printf3.o(i.__0snprintf$3) refers to printf3.o(i._printf_core) for _printf_core
    printf3.o(i.__0snprintf$3) refers to printf3.o(i._snputc) for _snputc
    printf3.o(i.__0sprintf$3) refers to printf3.o(i._printf_core) for _printf_core
    printf3.o(i.__0sprintf$3) refers to printf3.o(i._sputc) for _sputc
    printf3.o(i.__0vfprintf$3) refers to printf3.o(i._printf_core) for _printf_core
    printf3.o(i.__0vfprintf$3) refers to usart.o(i.fputc) for fputc
    printf3.o(i.__0vprintf$3) refers to printf3.o(i._printf_core) for _printf_core
    printf3.o(i.__0vprintf$3) refers to usart.o(i.fputc) for fputc
    printf3.o(i.__0vprintf$3) refers to stdout.o(.data) for __stdout
    printf3.o(i.__0vsnprintf$3) refers to printf3.o(i._printf_core) for _printf_core
    printf3.o(i.__0vsnprintf$3) refers to printf3.o(i._snputc) for _snputc
    printf3.o(i.__0vsprintf$3) refers to printf3.o(i._printf_core) for _printf_core
    printf3.o(i.__0vsprintf$3) refers to printf3.o(i._sputc) for _sputc
    printf3.o(i._printf_core) refers to uidiv.o(.text) for __aeabi_uidivmod
    printf4.o(i.__0fprintf$4) refers to printf4.o(i._printf_core) for _printf_core
    printf4.o(i.__0fprintf$4) refers to usart.o(i.fputc) for fputc
    printf4.o(i.__0printf$4) refers to printf4.o(i._printf_core) for _printf_core
    printf4.o(i.__0printf$4) refers to usart.o(i.fputc) for fputc
    printf4.o(i.__0printf$4) refers to stdout.o(.data) for __stdout
    printf4.o(i.__0snprintf$4) refers to printf4.o(i._printf_core) for _printf_core
    printf4.o(i.__0snprintf$4) refers to printf4.o(i._snputc) for _snputc
    printf4.o(i.__0sprintf$4) refers to printf4.o(i._printf_core) for _printf_core
    printf4.o(i.__0sprintf$4) refers to printf4.o(i._sputc) for _sputc
    printf4.o(i.__0vfprintf$4) refers to printf4.o(i._printf_core) for _printf_core
    printf4.o(i.__0vfprintf$4) refers to usart.o(i.fputc) for fputc
    printf4.o(i.__0vprintf$4) refers to printf4.o(i._printf_core) for _printf_core
    printf4.o(i.__0vprintf$4) refers to usart.o(i.fputc) for fputc
    printf4.o(i.__0vprintf$4) refers to stdout.o(.data) for __stdout
    printf4.o(i.__0vsnprintf$4) refers to printf4.o(i._printf_core) for _printf_core
    printf4.o(i.__0vsnprintf$4) refers to printf4.o(i._snputc) for _snputc
    printf4.o(i.__0vsprintf$4) refers to printf4.o(i._printf_core) for _printf_core
    printf4.o(i.__0vsprintf$4) refers to printf4.o(i._sputc) for _sputc
    printf4.o(i._printf_core) refers to uldiv.o(.text) for __aeabi_uldivmod
    printf5.o(i.__0fprintf$5) refers to printf5.o(i._printf_core) for _printf_core
    printf5.o(i.__0fprintf$5) refers to usart.o(i.fputc) for fputc
    printf5.o(i.__0printf$5) refers to printf5.o(i._printf_core) for _printf_core
    printf5.o(i.__0printf$5) refers to usart.o(i.fputc) for fputc
    printf5.o(i.__0printf$5) refers to stdout.o(.data) for __stdout
    printf5.o(i.__0snprintf$5) refers to printf5.o(i._printf_core) for _printf_core
    printf5.o(i.__0snprintf$5) refers to printf5.o(i._snputc) for _snputc
    printf5.o(i.__0sprintf$5) refers to printf5.o(i._printf_core) for _printf_core
    printf5.o(i.__0sprintf$5) refers to printf5.o(i._sputc) for _sputc
    printf5.o(i.__0vfprintf$5) refers to printf5.o(i._printf_core) for _printf_core
    printf5.o(i.__0vfprintf$5) refers to usart.o(i.fputc) for fputc
    printf5.o(i.__0vprintf$5) refers to printf5.o(i._printf_core) for _printf_core
    printf5.o(i.__0vprintf$5) refers to usart.o(i.fputc) for fputc
    printf5.o(i.__0vprintf$5) refers to stdout.o(.data) for __stdout
    printf5.o(i.__0vsnprintf$5) refers to printf5.o(i._printf_core) for _printf_core
    printf5.o(i.__0vsnprintf$5) refers to printf5.o(i._snputc) for _snputc
    printf5.o(i.__0vsprintf$5) refers to printf5.o(i._printf_core) for _printf_core
    printf5.o(i.__0vsprintf$5) refers to printf5.o(i._sputc) for _sputc
    printf5.o(i._printf_core) refers to uldiv.o(.text) for __aeabi_uldivmod
    printf6.o(i.__0fprintf$6) refers to printf6.o(i._printf_core) for _printf_core
    printf6.o(i.__0fprintf$6) refers to usart.o(i.fputc) for fputc
    printf6.o(i.__0printf$6) refers to printf6.o(i._printf_core) for _printf_core
    printf6.o(i.__0printf$6) refers to usart.o(i.fputc) for fputc
    printf6.o(i.__0printf$6) refers to stdout.o(.data) for __stdout
    printf6.o(i.__0snprintf$6) refers to printf6.o(i._printf_core) for _printf_core
    printf6.o(i.__0snprintf$6) refers to printf6.o(i._snputc) for _snputc
    printf6.o(i.__0sprintf$6) refers to printf6.o(i._printf_core) for _printf_core
    printf6.o(i.__0sprintf$6) refers to printf6.o(i._sputc) for _sputc
    printf6.o(i.__0vfprintf$6) refers to printf6.o(i._printf_core) for _printf_core
    printf6.o(i.__0vfprintf$6) refers to usart.o(i.fputc) for fputc
    printf6.o(i.__0vprintf$6) refers to printf6.o(i._printf_core) for _printf_core
    printf6.o(i.__0vprintf$6) refers to usart.o(i.fputc) for fputc
    printf6.o(i.__0vprintf$6) refers to stdout.o(.data) for __stdout
    printf6.o(i.__0vsnprintf$6) refers to printf6.o(i._printf_core) for _printf_core
    printf6.o(i.__0vsnprintf$6) refers to printf6.o(i._snputc) for _snputc
    printf6.o(i.__0vsprintf$6) refers to printf6.o(i._printf_core) for _printf_core
    printf6.o(i.__0vsprintf$6) refers to printf6.o(i._sputc) for _sputc
    printf6.o(i._printf_core) refers to printf6.o(i._printf_pre_padding) for _printf_pre_padding
    printf6.o(i._printf_core) refers to uidiv.o(.text) for __aeabi_uidivmod
    printf6.o(i._printf_core) refers to printf6.o(i._printf_post_padding) for _printf_post_padding
    printf7.o(i.__0fprintf$7) refers to printf7.o(i._printf_core) for _printf_core
    printf7.o(i.__0fprintf$7) refers to usart.o(i.fputc) for fputc
    printf7.o(i.__0printf$7) refers to printf7.o(i._printf_core) for _printf_core
    printf7.o(i.__0printf$7) refers to usart.o(i.fputc) for fputc
    printf7.o(i.__0printf$7) refers to stdout.o(.data) for __stdout
    printf7.o(i.__0snprintf$7) refers to printf7.o(i._printf_core) for _printf_core
    printf7.o(i.__0snprintf$7) refers to printf7.o(i._snputc) for _snputc
    printf7.o(i.__0sprintf$7) refers to printf7.o(i._printf_core) for _printf_core
    printf7.o(i.__0sprintf$7) refers to printf7.o(i._sputc) for _sputc
    printf7.o(i.__0vfprintf$7) refers to printf7.o(i._printf_core) for _printf_core
    printf7.o(i.__0vfprintf$7) refers to usart.o(i.fputc) for fputc
    printf7.o(i.__0vprintf$7) refers to printf7.o(i._printf_core) for _printf_core
    printf7.o(i.__0vprintf$7) refers to usart.o(i.fputc) for fputc
    printf7.o(i.__0vprintf$7) refers to stdout.o(.data) for __stdout
    printf7.o(i.__0vsnprintf$7) refers to printf7.o(i._printf_core) for _printf_core
    printf7.o(i.__0vsnprintf$7) refers to printf7.o(i._snputc) for _snputc
    printf7.o(i.__0vsprintf$7) refers to printf7.o(i._printf_core) for _printf_core
    printf7.o(i.__0vsprintf$7) refers to printf7.o(i._sputc) for _sputc
    printf7.o(i._printf_core) refers to printf7.o(i._printf_pre_padding) for _printf_pre_padding
    printf7.o(i._printf_core) refers to uldiv.o(.text) for __aeabi_uldivmod
    printf7.o(i._printf_core) refers to printf7.o(i._printf_post_padding) for _printf_post_padding
    printf8.o(i.__0fprintf$8) refers to printf8.o(i._printf_core) for _printf_core
    printf8.o(i.__0fprintf$8) refers to usart.o(i.fputc) for fputc
    printf8.o(i.__0printf$8) refers to printf8.o(i._printf_core) for _printf_core
    printf8.o(i.__0printf$8) refers to usart.o(i.fputc) for fputc
    printf8.o(i.__0printf$8) refers to stdout.o(.data) for __stdout
    printf8.o(i.__0snprintf$8) refers to printf8.o(i._printf_core) for _printf_core
    printf8.o(i.__0snprintf$8) refers to printf8.o(i._snputc) for _snputc
    printf8.o(i.__0sprintf$8) refers to printf8.o(i._printf_core) for _printf_core
    printf8.o(i.__0sprintf$8) refers to printf8.o(i._sputc) for _sputc
    printf8.o(i.__0vfprintf$8) refers to printf8.o(i._printf_core) for _printf_core
    printf8.o(i.__0vfprintf$8) refers to usart.o(i.fputc) for fputc
    printf8.o(i.__0vprintf$8) refers to printf8.o(i._printf_core) for _printf_core
    printf8.o(i.__0vprintf$8) refers to usart.o(i.fputc) for fputc
    printf8.o(i.__0vprintf$8) refers to stdout.o(.data) for __stdout
    printf8.o(i.__0vsnprintf$8) refers to printf8.o(i._printf_core) for _printf_core
    printf8.o(i.__0vsnprintf$8) refers to printf8.o(i._snputc) for _snputc
    printf8.o(i.__0vsprintf$8) refers to printf8.o(i._printf_core) for _printf_core
    printf8.o(i.__0vsprintf$8) refers to printf8.o(i._sputc) for _sputc
    printf8.o(i._printf_core) refers to printf8.o(i._printf_pre_padding) for _printf_pre_padding
    printf8.o(i._printf_core) refers to uldiv.o(.text) for __aeabi_uldivmod
    printf8.o(i._printf_core) refers to printf8.o(i._printf_post_padding) for _printf_post_padding
    printfa.o(i.__0fprintf) refers (Special) to iusefp.o(.text) for __I$use$fp
    printfa.o(i.__0fprintf) refers to printfa.o(i._printf_core) for _printf_core
    printfa.o(i.__0fprintf) refers to usart.o(i.fputc) for fputc
    printfa.o(i.__0printf) refers (Special) to iusefp.o(.text) for __I$use$fp
    printfa.o(i.__0printf) refers to printfa.o(i._printf_core) for _printf_core
    printfa.o(i.__0printf) refers to usart.o(i.fputc) for fputc
    printfa.o(i.__0printf) refers to stdout.o(.data) for __stdout
    printfa.o(i.__0snprintf) refers (Special) to iusefp.o(.text) for __I$use$fp
    printfa.o(i.__0snprintf) refers to printfa.o(i._printf_core) for _printf_core
    printfa.o(i.__0snprintf) refers to printfa.o(i._snputc) for _snputc
    printfa.o(i.__0sprintf) refers (Special) to iusefp.o(.text) for __I$use$fp
    printfa.o(i.__0sprintf) refers to printfa.o(i._printf_core) for _printf_core
    printfa.o(i.__0sprintf) refers to printfa.o(i._sputc) for _sputc
    printfa.o(i.__0vfprintf) refers (Special) to iusefp.o(.text) for __I$use$fp
    printfa.o(i.__0vfprintf) refers to printfa.o(i._printf_core) for _printf_core
    printfa.o(i.__0vfprintf) refers to usart.o(i.fputc) for fputc
    printfa.o(i.__0vprintf) refers (Special) to iusefp.o(.text) for __I$use$fp
    printfa.o(i.__0vprintf) refers to printfa.o(i._printf_core) for _printf_core
    printfa.o(i.__0vprintf) refers to usart.o(i.fputc) for fputc
    printfa.o(i.__0vprintf) refers to stdout.o(.data) for __stdout
    printfa.o(i.__0vsnprintf) refers (Special) to iusefp.o(.text) for __I$use$fp
    printfa.o(i.__0vsnprintf) refers to printfa.o(i._printf_core) for _printf_core
    printfa.o(i.__0vsnprintf) refers to printfa.o(i._snputc) for _snputc
    printfa.o(i.__0vsprintf) refers (Special) to iusefp.o(.text) for __I$use$fp
    printfa.o(i.__0vsprintf) refers to printfa.o(i._printf_core) for _printf_core
    printfa.o(i.__0vsprintf) refers to printfa.o(i._sputc) for _sputc
    printfa.o(i._fp_digits) refers (Special) to iusefp.o(.text) for __I$use$fp
    printfa.o(i._fp_digits) refers to dmul.o(.text) for __aeabi_dmul
    printfa.o(i._fp_digits) refers to ddiv.o(.text) for __aeabi_ddiv
    printfa.o(i._fp_digits) refers to cdrcmple.o(.text) for __aeabi_cdrcmple
    printfa.o(i._fp_digits) refers to dadd.o(.text) for __aeabi_dadd
    printfa.o(i._fp_digits) refers to dfixul.o(.text) for __aeabi_d2ulz
    printfa.o(i._fp_digits) refers to uldiv.o(.text) for __aeabi_uldivmod
    printfa.o(i._printf_core) refers (Special) to iusefp.o(.text) for __I$use$fp
    printfa.o(i._printf_core) refers to printfa.o(i._printf_pre_padding) for _printf_pre_padding
    printfa.o(i._printf_core) refers to uldiv.o(.text) for __aeabi_uldivmod
    printfa.o(i._printf_core) refers to printfa.o(i._printf_post_padding) for _printf_post_padding
    printfa.o(i._printf_core) refers to printfa.o(i._fp_digits) for _fp_digits
    printfa.o(i._printf_core) refers to uidiv.o(.text) for __aeabi_uidivmod
    printfa.o(i._printf_post_padding) refers (Special) to iusefp.o(.text) for __I$use$fp
    printfa.o(i._printf_pre_padding) refers (Special) to iusefp.o(.text) for __I$use$fp
    printfa.o(i._snputc) refers (Special) to iusefp.o(.text) for __I$use$fp
    printfa.o(i._sputc) refers (Special) to iusefp.o(.text) for __I$use$fp
    entry2.o(.ARM.Collect$$$$00000001) refers to entry2.o(.ARM.Collect$$$$00002712) for __lit__00000000
    entry2.o(.ARM.Collect$$$$00002712) refers to startup_stm32f10x_md.o(STACK) for __initial_sp
    entry2.o(__vectab_stack_and_reset_area) refers to startup_stm32f10x_md.o(STACK) for __initial_sp
    entry2.o(__vectab_stack_and_reset_area) refers to entry.o(.ARM.Collect$$$$00000000) for __main
    entry5.o(.ARM.Collect$$$$00000004) refers to init.o(.text) for __scatterload
    entry9a.o(.ARM.Collect$$$$0000000B) refers to main.o(i.main) for main
    entry9b.o(.ARM.Collect$$$$0000000C) refers to main.o(i.main) for main
    uldiv.o(.text) refers to llushr.o(.text) for __aeabi_llsr
    uldiv.o(.text) refers to llshl.o(.text) for __aeabi_llsl
    dadd.o(.text) refers to llshl.o(.text) for __aeabi_llsl
    dadd.o(.text) refers to llsshr.o(.text) for __aeabi_lasr
    dadd.o(.text) refers to depilogue.o(.text) for _double_epilogue
    dmul.o(.text) refers to depilogue.o(.text) for _double_epilogue
    ddiv.o(.text) refers to depilogue.o(.text) for _double_round
    dfixul.o(.text) refers to llushr.o(.text) for __aeabi_llsr
    dfixul.o(.text) refers to llshl.o(.text) for __aeabi_llsl
    init.o(.text) refers to entry5.o(.ARM.Collect$$$$00000004) for __main_after_scatterload
    depilogue.o(.text) refers to llshl.o(.text) for __aeabi_llsl
    depilogue.o(.text) refers to llushr.o(.text) for __aeabi_llsr


==============================================================================

Removing Unused input sections from the image.

    Removing task.o(i.task_notify_from_isr), (56 bytes).
    Removing semaphore.o(i.sem_create), (8 bytes).
    Removing semaphore.o(i.sem_give), (46 bytes).
    Removing semaphore.o(i.sem_give_from_isr), (36 bytes).
    Removing semaphore.o(i.sem_take), (72 bytes).
    Removing semaphore.o(i.sem_take_from_isr), (32 bytes).
    Removing queue.o(i.queue_recv_from_isr), (78 bytes).
    Removing queue.o(i.queue_send), (144 bytes).
    Removing event_groups.o(i.event_group_init), (8 bytes).
    Removing heap.o(i.heap_free), (140 bytes).
    Removing heap.o(i.heap_init), (28 bytes).
    Removing heap.o(i.heap_malloc), (112 bytes).
    Removing heap.o(.bss), (1024 bytes).
    Removing heap.o(.data), (4 bytes).
    Removing led.o(i.LED1_On), (20 bytes).
    Removing usart.o(i.Usart_TransmitString), (26 bytes).
    Removing startup_stm32f10x_md.o(HEAP), (512 bytes).
    Removing dadd.o(.text), (334 bytes).
    Removing dmul.o(.text), (228 bytes).
    Removing ddiv.o(.text), (222 bytes).
    Removing dfixul.o(.text), (48 bytes).
    Removing cdrcmple.o(.text), (48 bytes).
    Removing depilogue.o(.text), (186 bytes).

23 unused section(s) (total 3412 bytes) removed from the image.

==============================================================================

Image Symbol Table

    Local Symbols

    Symbol Name                              Value     Ov Type        Size  Object(Section)

    ../clib/microlib/division.c              0x00000000   Number         0  uidiv.o ABSOLUTE
    ../clib/microlib/division.c              0x00000000   Number         0  uldiv.o ABSOLUTE
    ../clib/microlib/init/entry.s            0x00000000   Number         0  entry9a.o ABSOLUTE
    ../clib/microlib/init/entry.s            0x00000000   Number         0  entry8b.o ABSOLUTE
    ../clib/microlib/init/entry.s            0x00000000   Number         0  entry9b.o ABSOLUTE
    ../clib/microlib/init/entry.s            0x00000000   Number         0  entry10a.o ABSOLUTE
    ../clib/microlib/init/entry.s            0x00000000   Number         0  entry8a.o ABSOLUTE
    ../clib/microlib/init/entry.s            0x00000000   Number         0  entry10b.o ABSOLUTE
    ../clib/microlib/init/entry.s            0x00000000   Number         0  entry7b.o ABSOLUTE
    ../clib/microlib/init/entry.s            0x00000000   Number         0  entry2.o ABSOLUTE
    ../clib/microlib/init/entry.s            0x00000000   Number         0  entry5.o ABSOLUTE
    ../clib/microlib/init/entry.s            0x00000000   Number         0  entry11a.o ABSOLUTE
    ../clib/microlib/init/entry.s            0x00000000   Number         0  entry11b.o ABSOLUTE
    ../clib/microlib/init/entry.s            0x00000000   Number         0  entry7a.o ABSOLUTE
    ../clib/microlib/init/entry.s            0x00000000   Number         0  entry.o ABSOLUTE
    ../clib/microlib/longlong.c              0x00000000   Number         0  llsshr.o ABSOLUTE
    ../clib/microlib/longlong.c              0x00000000   Number         0  llushr.o ABSOLUTE
    ../clib/microlib/longlong.c              0x00000000   Number         0  llshl.o ABSOLUTE
    ../clib/microlib/printf/printf.c         0x00000000   Number         0  printf4.o ABSOLUTE
    ../clib/microlib/printf/printf.c         0x00000000   Number         0  printf5.o ABSOLUTE
    ../clib/microlib/printf/printf.c         0x00000000   Number         0  printf6.o ABSOLUTE
    ../clib/microlib/printf/printf.c         0x00000000   Number         0  printf2.o ABSOLUTE
    ../clib/microlib/printf/printf.c         0x00000000   Number         0  printf7.o ABSOLUTE
    ../clib/microlib/printf/printf.c         0x00000000   Number         0  printf8.o ABSOLUTE
    ../clib/microlib/printf/printf.c         0x00000000   Number         0  printfa.o ABSOLUTE
    ../clib/microlib/printf/printf.c         0x00000000   Number         0  printf3.o ABSOLUTE
    ../clib/microlib/printf/printf.c         0x00000000   Number         0  printf1.o ABSOLUTE
    ../clib/microlib/printf/printf.c         0x00000000   Number         0  printf0.o ABSOLUTE
    ../clib/microlib/printf/printf.c         0x00000000   Number         0  printfb.o ABSOLUTE
    ../clib/microlib/printf/stubs.s          0x00000000   Number         0  stubs.o ABSOLUTE
    ../clib/microlib/stdio/streams.c         0x00000000   Number         0  stdout.o ABSOLUTE
    ../clib/microlib/string/strcmp.c         0x00000000   Number         0  strcmp.o ABSOLUTE
    ../clib/microlib/stubs.s                 0x00000000   Number         0  iusefp.o ABSOLUTE
    ../fplib/microlib/fpadd.c                0x00000000   Number         0  dadd.o ABSOLUTE
    ../fplib/microlib/fpdiv.c                0x00000000   Number         0  ddiv.o ABSOLUTE
    ../fplib/microlib/fpepilogue.c           0x00000000   Number         0  depilogue.o ABSOLUTE
    ../fplib/microlib/fpfix.c                0x00000000   Number         0  dfixul.o ABSOLUTE
    ../fplib/microlib/fpmul.c                0x00000000   Number         0  dmul.o ABSOLUTE
    App\My_RTOS.c                            0x00000000   Number         0  my_rtos.o ABSOLUTE
    App\main.c                               0x00000000   Number         0  main.o ABSOLUTE
    Hardware\Led.c                           0x00000000   Number         0  led.o ABSOLUTE
    Hardware\Usart.c                         0x00000000   Number         0  usart.o ABSOLUTE
    RTE\Device\STM32F103C8\startup_stm32f10x_md.s 0x00000000   Number         0  startup_stm32f10x_md.o ABSOLUTE
    RTE\Device\STM32F103C8\system_stm32f10x.c 0x00000000   Number         0  system_stm32f10x.o ABSOLUTE
    RTOS\event_groups.c                      0x00000000   Number         0  event_groups.o ABSOLUTE
    RTOS\heap.c                              0x00000000   Number         0  heap.o ABSOLUTE
    RTOS\kernel.c                            0x00000000   Number         0  kernel.o ABSOLUTE
    RTOS\queue.c                             0x00000000   Number         0  queue.o ABSOLUTE
    RTOS\sched.c                             0x00000000   Number         0  sched.o ABSOLUTE
    RTOS\semaphore.c                         0x00000000   Number         0  semaphore.o ABSOLUTE
    RTOS\task.c                              0x00000000   Number         0  task.o ABSOLUTE
    RTOS\task_switch.s                       0x00000000   Number         0  task_switch.o ABSOLUTE
    RTOS\timers.c                            0x00000000   Number         0  timers.o ABSOLUTE
    cdrcmple.s                               0x00000000   Number         0  cdrcmple.o ABSOLUTE
    dc.s                                     0x00000000   Number         0  dc.o ABSOLUTE
    handlers.s                               0x00000000   Number         0  handlers.o ABSOLUTE
    init.s                                   0x00000000   Number         0  init.o ABSOLUTE
    RESET                                    0x08000000   Section      236  startup_stm32f10x_md.o(RESET)
    .ARM.Collect$$$$00000000                 0x080000ec   Section        0  entry.o(.ARM.Collect$$$$00000000)
    .ARM.Collect$$$$00000001                 0x080000ec   Section        4  entry2.o(.ARM.Collect$$$$00000001)
    .ARM.Collect$$$$00000004                 0x080000f0   Section        4  entry5.o(.ARM.Collect$$$$00000004)
    .ARM.Collect$$$$00000008                 0x080000f4   Section        0  entry7b.o(.ARM.Collect$$$$00000008)
    .ARM.Collect$$$$0000000A                 0x080000f4   Section        0  entry8b.o(.ARM.Collect$$$$0000000A)
    .ARM.Collect$$$$0000000B                 0x080000f4   Section        8  entry9a.o(.ARM.Collect$$$$0000000B)
    .ARM.Collect$$$$0000000D                 0x080000fc   Section        0  entry10a.o(.ARM.Collect$$$$0000000D)
    .ARM.Collect$$$$0000000F                 0x080000fc   Section        0  entry11a.o(.ARM.Collect$$$$0000000F)
    .ARM.Collect$$$$00002712                 0x080000fc   Section        4  entry2.o(.ARM.Collect$$$$00002712)
    __lit__00000000                          0x080000fc   Data           4  entry2.o(.ARM.Collect$$$$00002712)
    .text                                    0x08000100   Section      172  task_switch.o(.text)
    .text                                    0x080001ac   Section       36  startup_stm32f10x_md.o(.text)
    .text                                    0x080001d0   Section        0  strcmp.o(.text)
    .text                                    0x080001ec   Section        0  uldiv.o(.text)
    .text                                    0x08000250   Section       36  init.o(.text)
    .text                                    0x08000274   Section        0  llshl.o(.text)
    .text                                    0x08000292   Section        0  llushr.o(.text)
    i.CmdTask                                0x080002b4   Section        0  my_rtos.o(i.CmdTask)
    i.GuardFault_Handler                     0x080002f8   Section        0  my_rtos.o(i.GuardFault_Handler)
    i.HardFault_Diagnose                     0x08000420   Section        0  my_rtos.o(i.HardFault_Diagnose)
    i.LED0_Init                              0x08000774   Section        0  led.o(i.LED0_Init)
    i.LED0_Off                               0x080007a8   Section        0  led.o(i.LED0_Off)
    i.LED0_On                                0x080007bc   Section        0  led.o(i.LED0_On)
    i.LED0_Toggle                            0x080007d0   Section        0  led.o(i.LED0_Toggle)
    i.LED1_Init                              0x080007fc   Section        0  led.o(i.LED1_Init)
    i.LED1_Off                               0x08000830   Section        0  led.o(i.LED1_Off)
    i.LED1_Toggle                            0x08000844   Section        0  led.o(i.LED1_Toggle)
    i.My_RTOS_Start                          0x08000870   Section        0  my_rtos.o(i.My_RTOS_Start)
    i.NotifyTestTask                         0x080008e8   Section        0  my_rtos.o(i.NotifyTestTask)
    i.SetSysClock                            0x08000928   Section        0  system_stm32f10x.o(i.SetSysClock)
    SetSysClock                              0x08000929   Thumb Code     8  system_stm32f10x.o(i.SetSysClock)
    i.SetSysClockTo72                        0x08000930   Section        0  system_stm32f10x.o(i.SetSysClockTo72)
    SetSysClockTo72                          0x08000931   Thumb Code   214  system_stm32f10x.o(i.SetSysClockTo72)
    i.Start_Task                             0x08000a10   Section        0  my_rtos.o(i.Start_Task)
    i.SysTick_Handler                        0x08000ad8   Section        0  my_rtos.o(i.SysTick_Handler)
    i.SystemCoreClockUpdate                  0x08000afc   Section        0  system_stm32f10x.o(i.SystemCoreClockUpdate)
    i.SystemInit                             0x08000ba0   Section        0  system_stm32f10x.o(i.SystemInit)
    i.Task1                                  0x08000c00   Section        0  my_rtos.o(i.Task1)
    i.Task2                                  0x08000c88   Section        0  my_rtos.o(i.Task2)
    i.TimerDaemonTask                        0x08000cb4   Section        0  my_rtos.o(i.TimerDaemonTask)
    i.USART1_IRQHandler                      0x08000ce0   Section        0  my_rtos.o(i.USART1_IRQHandler)
    i.Usart_Init                             0x08000d38   Section        0  usart.o(i.Usart_Init)
    i.Usart_TransmitChar                     0x08000e50   Section        0  usart.o(i.Usart_TransmitChar)
    i.__0printf$8                            0x08000e6c   Section        0  printf8.o(i.__0printf$8)
    i.__scatterload_copy                     0x08000e8c   Section       14  handlers.o(i.__scatterload_copy)
    i.__scatterload_null                     0x08000e9a   Section        2  handlers.o(i.__scatterload_null)
    i.__scatterload_zeroinit                 0x08000e9c   Section       14  handlers.o(i.__scatterload_zeroinit)
    i.__set_BASEPRI                          0x08000eaa   Section        0  sched.o(i.__set_BASEPRI)
    __set_BASEPRI                            0x08000eab   Thumb Code     8  sched.o(i.__set_BASEPRI)
    i._printf_core                           0x08000eb4   Section        0  printf8.o(i._printf_core)
    _printf_core                             0x08000eb5   Thumb Code   996  printf8.o(i._printf_core)
    i._printf_post_padding                   0x080012c4   Section        0  printf8.o(i._printf_post_padding)
    _printf_post_padding                     0x080012c5   Thumb Code    36  printf8.o(i._printf_post_padding)
    i._printf_pre_padding                    0x080012e8   Section        0  printf8.o(i._printf_pre_padding)
    _printf_pre_padding                      0x080012e9   Thumb Code    46  printf8.o(i._printf_pre_padding)
    i.delay_list_add                         0x08001318   Section        0  task.o(i.delay_list_add)
    i.delay_list_tick                        0x08001358   Section        0  task.o(i.delay_list_tick)
    i.enter_critical                         0x08001398   Section        0  sched.o(i.enter_critical)
    i.event_group_clear                      0x080013ac   Section        0  event_groups.o(i.event_group_clear)
    i.event_group_set                        0x080013c6   Section        0  event_groups.o(i.event_group_set)
    i.event_group_wait                       0x08001448   Section        0  event_groups.o(i.event_group_wait)
    i.exit_critical                          0x080014e0   Section        0  sched.o(i.exit_critical)
    i.fputc                                  0x080014ec   Section        0  usart.o(i.fputc)
    i.led_blink_cb                           0x080014fc   Section        0  my_rtos.o(i.led_blink_cb)
    i.main                                   0x0800152c   Section        0  main.o(i.main)
    i.mutex_lock                             0x08001534   Section        0  semaphore.o(i.mutex_lock)
    i.mutex_unlock                           0x080015c0   Section        0  semaphore.o(i.mutex_unlock)
    i.my_memcpy                              0x0800161c   Section        0  queue.o(i.my_memcpy)
    my_memcpy                                0x0800161d   Thumb Code    20  queue.o(i.my_memcpy)
    i.need_preempt                           0x08001630   Section        0  task.o(i.need_preempt)
    i.pend_to_list                           0x08001664   Section        0  task.o(i.pend_to_list)
    i.queue_create                           0x08001682   Section        0  queue.o(i.queue_create)
    i.queue_recv                             0x080016b0   Section        0  queue.o(i.queue_recv)
    i.queue_send_from_isr                    0x08001740   Section        0  queue.o(i.queue_send_from_isr)
    i.scheduler_add                          0x08001794   Section        0  sched.o(i.scheduler_add)
    i.scheduler_add_from_isr                 0x080017e0   Section        0  sched.o(i.scheduler_add_from_isr)
    i.scheduler_get_next                     0x08001808   Section        0  sched.o(i.scheduler_get_next)
    i.scheduler_init                         0x0800184c   Section        0  sched.o(i.scheduler_init)
    i.scheduler_on_pendsv                    0x08001874   Section        0  sched.o(i.scheduler_on_pendsv)
    i.scheduler_remove                       0x080018f8   Section        0  sched.o(i.scheduler_remove)
    i.scheduler_tick_1ms                     0x08001954   Section        0  sched.o(i.scheduler_tick_1ms)
    i.systick_init_1ms                       0x08001990   Section        0  sched.o(i.systick_init_1ms)
    i.task_create                            0x080019b8   Section        0  task.o(i.task_create)
    i.task_delay                             0x08001a24   Section        0  task.o(i.task_delay)
    i.task_notify                            0x08001a70   Section        0  task.o(i.task_notify)
    i.task_notify_wait                       0x08001abc   Section        0  task.o(i.task_notify_wait)
    i.task_stack_init                        0x08001b30   Section        0  task.o(i.task_stack_init)
    i.timer_init                             0x08001bce   Section        0  timers.o(i.timer_init)
    i.timer_start                            0x08001be4   Section        0  timers.o(i.timer_start)
    i.timer_stop                             0x08001c48   Section        0  timers.o(i.timer_stop)
    i.timer_tick                             0x08001c90   Section        0  timers.o(i.timer_tick)
    i.trigger_switch                         0x08001cf0   Section        0  sched.o(i.trigger_switch)
    trigger_switch                           0x08001cf1   Thumb Code    16  sched.o(i.trigger_switch)
    i.trigger_switch                         0x08001d08   Section        0  task.o(i.trigger_switch)
    trigger_switch                           0x08001d09   Thumb Code    16  task.o(i.trigger_switch)
    i.trigger_switch                         0x08001d20   Section        0  semaphore.o(i.trigger_switch)
    trigger_switch                           0x08001d21   Thumb Code    16  semaphore.o(i.trigger_switch)
    i.trigger_switch                         0x08001d38   Section        0  queue.o(i.trigger_switch)
    trigger_switch                           0x08001d39   Thumb Code    16  queue.o(i.trigger_switch)
    i.vTaskSuspendAll                        0x08001d50   Section        0  sched.o(i.vTaskSuspendAll)
    i.wake_one                               0x08001d5c   Section        0  task.o(i.wake_one)
    i.xTaskResumeAll                         0x08001d78   Section        0  sched.o(i.xTaskResumeAll)
    .data                                    0x20000000   Section        8  my_rtos.o(.data)
    .data                                    0x20000008   Section       12  sched.o(.data)
    .data                                    0x20000014   Section       12  task.o(.data)
    notify_blocked_list                      0x20000014   Data           4  task.o(.data)
    delay_list_head                          0x2000001c   Data           4  task.o(.data)
    .data                                    0x20000020   Section        4  timers.o(.data)
    timer_head                               0x20000020   Data           4  timers.o(.data)
    .data                                    0x20000024   Section        2  usart.o(.data)
    .data                                    0x20000028   Section       20  system_stm32f10x.o(.data)
    .data                                    0x2000003c   Section        4  stdout.o(.data)
    .bss                                     0x20000040   Section     1660  my_rtos.o(.bss)
    .bss                                     0x200006bc   Section       32  task.o(.bss)
    .bss                                     0x200006dc   Section       72  timers.o(.bss)
    .bss                                     0x20000724   Section      100  usart.o(.bss)
    STACK                                    0x20000788   Section     1024  startup_stm32f10x_md.o(STACK)
    TCB_BSS                                  0x20000b88   Section        4  task_switch.o(TCB_BSS)

    Global Symbols

    Symbol Name                              Value     Ov Type        Size  Object(Section)

    BuildAttributes$$THM_ISAv4$P$D$K$B$S$PE$A:L22UL41UL21$X:L11$S22US41US21$IEEE1$IW$USESV6$~STKCKD$USESV7$~SHL$OSPACE$ROPI$EBA8$MICROLIB$REQ8$PRES8$EABIv2 0x00000000   Number         0  anon$$obj.o ABSOLUTE
    __ARM_use_no_argv                        0x00000000   Number         0  main.o ABSOLUTE
    _printf_a                                0x00000000   Number         0  stubs.o ABSOLUTE
    _printf_c                                0x00000000   Number         0  stubs.o ABSOLUTE
    _printf_charcount                        0x00000000   Number         0  stubs.o ABSOLUTE
    _printf_d                                0x00000000   Number         0  stubs.o ABSOLUTE
    _printf_e                                0x00000000   Number         0  stubs.o ABSOLUTE
    _printf_f                                0x00000000   Number         0  stubs.o ABSOLUTE
    _printf_flags                            0x00000000   Number         0  stubs.o ABSOLUTE
    _printf_fp_dec                           0x00000000   Number         0  stubs.o ABSOLUTE
    _printf_fp_hex                           0x00000000   Number         0  stubs.o ABSOLUTE
    _printf_g                                0x00000000   Number         0  stubs.o ABSOLUTE
    _printf_i                                0x00000000   Number         0  stubs.o ABSOLUTE
    _printf_int_dec                          0x00000000   Number         0  stubs.o ABSOLUTE
    _printf_l                                0x00000000   Number         0  stubs.o ABSOLUTE
    _printf_lc                               0x00000000   Number         0  stubs.o ABSOLUTE
    _printf_ll                               0x00000000   Number         0  stubs.o ABSOLUTE
    _printf_lld                              0x00000000   Number         0  stubs.o ABSOLUTE
    _printf_lli                              0x00000000   Number         0  stubs.o ABSOLUTE
    _printf_llo                              0x00000000   Number         0  stubs.o ABSOLUTE
    _printf_llu                              0x00000000   Number         0  stubs.o ABSOLUTE
    _printf_llx                              0x00000000   Number         0  stubs.o ABSOLUTE
    _printf_longlong_dec                     0x00000000   Number         0  stubs.o ABSOLUTE
    _printf_longlong_hex                     0x00000000   Number         0  stubs.o ABSOLUTE
    _printf_longlong_oct                     0x00000000   Number         0  stubs.o ABSOLUTE
    _printf_ls                               0x00000000   Number         0  stubs.o ABSOLUTE
    _printf_mbtowc                           0x00000000   Number         0  stubs.o ABSOLUTE
    _printf_n                                0x00000000   Number         0  stubs.o ABSOLUTE
    _printf_o                                0x00000000   Number         0  stubs.o ABSOLUTE
    _printf_p                                0x00000000   Number         0  stubs.o ABSOLUTE
    _printf_percent                          0x00000000   Number         0  stubs.o ABSOLUTE
    _printf_pre_padding                      0x00000000   Number         0  stubs.o ABSOLUTE
    _printf_return_value                     0x00000000   Number         0  stubs.o ABSOLUTE
    _printf_s                                0x00000000   Number         0  stubs.o ABSOLUTE
    _printf_sizespec                         0x00000000   Number         0  stubs.o ABSOLUTE
    _printf_str                              0x00000000   Number         0  stubs.o ABSOLUTE
    _printf_truncate_signed                  0x00000000   Number         0  stubs.o ABSOLUTE
    _printf_truncate_unsigned                0x00000000   Number         0  stubs.o ABSOLUTE
    _printf_u                                0x00000000   Number         0  stubs.o ABSOLUTE
    _printf_wc                               0x00000000   Number         0  stubs.o ABSOLUTE
    _printf_wctomb                           0x00000000   Number         0  stubs.o ABSOLUTE
    _printf_widthprec                        0x00000000   Number         0  stubs.o ABSOLUTE
    _printf_x                                0x00000000   Number         0  stubs.o ABSOLUTE
    __cpp_initialize__aeabi_                  - Undefined Weak Reference
    __cxa_finalize                            - Undefined Weak Reference
    __decompress                              - Undefined Weak Reference
    _clock_init                               - Undefined Weak Reference
    _microlib_exit                            - Undefined Weak Reference
    __Vectors_Size                           0x000000ec   Number         0  startup_stm32f10x_md.o ABSOLUTE
    __Vectors                                0x08000000   Data           4  startup_stm32f10x_md.o(RESET)
    __Vectors_End                            0x080000ec   Data           0  startup_stm32f10x_md.o(RESET)
    __main                                   0x080000ed   Thumb Code     0  entry.o(.ARM.Collect$$$$00000000)
    _main_stk                                0x080000ed   Thumb Code     0  entry2.o(.ARM.Collect$$$$00000001)
    _main_scatterload                        0x080000f1   Thumb Code     0  entry5.o(.ARM.Collect$$$$00000004)
    __main_after_scatterload                 0x080000f5   Thumb Code     0  entry5.o(.ARM.Collect$$$$00000004)
    _main_clock                              0x080000f5   Thumb Code     0  entry7b.o(.ARM.Collect$$$$00000008)
    _main_cpp_init                           0x080000f5   Thumb Code     0  entry8b.o(.ARM.Collect$$$$0000000A)
    _main_init                               0x080000f5   Thumb Code     0  entry9a.o(.ARM.Collect$$$$0000000B)
    __rt_final_cpp                           0x080000fd   Thumb Code     0  entry10a.o(.ARM.Collect$$$$0000000D)
    __rt_final_exit                          0x080000fd   Thumb Code     0  entry11a.o(.ARM.Collect$$$$0000000F)
    start_scheduler                          0x08000101   Thumb Code     0  task_switch.o(.text)
    SVC_Handler                              0x08000129   Thumb Code     0  task_switch.o(.text)
    HardFault_Handler                        0x08000139   Thumb Code     0  task_switch.o(.text)
    PendSV_Handler                           0x0800014b   Thumb Code     0  task_switch.o(.text)
    Reset_Handler                            0x080001ad   Thumb Code     8  startup_stm32f10x_md.o(.text)
    NMI_Handler                              0x080001b5   Thumb Code     2  startup_stm32f10x_md.o(.text)
    MemManage_Handler                        0x080001b9   Thumb Code     2  startup_stm32f10x_md.o(.text)
    BusFault_Handler                         0x080001bb   Thumb Code     2  startup_stm32f10x_md.o(.text)
    UsageFault_Handler                       0x080001bd   Thumb Code     2  startup_stm32f10x_md.o(.text)
    DebugMon_Handler                         0x080001c1   Thumb Code     2  startup_stm32f10x_md.o(.text)
    ADC1_2_IRQHandler                        0x080001c7   Thumb Code     0  startup_stm32f10x_md.o(.text)
    CAN1_RX1_IRQHandler                      0x080001c7   Thumb Code     0  startup_stm32f10x_md.o(.text)
    CAN1_SCE_IRQHandler                      0x080001c7   Thumb Code     0  startup_stm32f10x_md.o(.text)
    DMA1_Channel1_IRQHandler                 0x080001c7   Thumb Code     0  startup_stm32f10x_md.o(.text)
    DMA1_Channel2_IRQHandler                 0x080001c7   Thumb Code     0  startup_stm32f10x_md.o(.text)
    DMA1_Channel3_IRQHandler                 0x080001c7   Thumb Code     0  startup_stm32f10x_md.o(.text)
    DMA1_Channel4_IRQHandler                 0x080001c7   Thumb Code     0  startup_stm32f10x_md.o(.text)
    DMA1_Channel5_IRQHandler                 0x080001c7   Thumb Code     0  startup_stm32f10x_md.o(.text)
    DMA1_Channel6_IRQHandler                 0x080001c7   Thumb Code     0  startup_stm32f10x_md.o(.text)
    DMA1_Channel7_IRQHandler                 0x080001c7   Thumb Code     0  startup_stm32f10x_md.o(.text)
    EXTI0_IRQHandler                         0x080001c7   Thumb Code     0  startup_stm32f10x_md.o(.text)
    EXTI15_10_IRQHandler                     0x080001c7   Thumb Code     0  startup_stm32f10x_md.o(.text)
    EXTI1_IRQHandler                         0x080001c7   Thumb Code     0  startup_stm32f10x_md.o(.text)
    EXTI2_IRQHandler                         0x080001c7   Thumb Code     0  startup_stm32f10x_md.o(.text)
    EXTI3_IRQHandler                         0x080001c7   Thumb Code     0  startup_stm32f10x_md.o(.text)
    EXTI4_IRQHandler                         0x080001c7   Thumb Code     0  startup_stm32f10x_md.o(.text)
    EXTI9_5_IRQHandler                       0x080001c7   Thumb Code     0  startup_stm32f10x_md.o(.text)
    FLASH_IRQHandler                         0x080001c7   Thumb Code     0  startup_stm32f10x_md.o(.text)
    I2C1_ER_IRQHandler                       0x080001c7   Thumb Code     0  startup_stm32f10x_md.o(.text)
    I2C1_EV_IRQHandler                       0x080001c7   Thumb Code     0  startup_stm32f10x_md.o(.text)
    I2C2_ER_IRQHandler                       0x080001c7   Thumb Code     0  startup_stm32f10x_md.o(.text)
    I2C2_EV_IRQHandler                       0x080001c7   Thumb Code     0  startup_stm32f10x_md.o(.text)
    PVD_IRQHandler                           0x080001c7   Thumb Code     0  startup_stm32f10x_md.o(.text)
    RCC_IRQHandler                           0x080001c7   Thumb Code     0  startup_stm32f10x_md.o(.text)
    RTCAlarm_IRQHandler                      0x080001c7   Thumb Code     0  startup_stm32f10x_md.o(.text)
    RTC_IRQHandler                           0x080001c7   Thumb Code     0  startup_stm32f10x_md.o(.text)
    SPI1_IRQHandler                          0x080001c7   Thumb Code     0  startup_stm32f10x_md.o(.text)
    SPI2_IRQHandler                          0x080001c7   Thumb Code     0  startup_stm32f10x_md.o(.text)
    TAMPER_IRQHandler                        0x080001c7   Thumb Code     0  startup_stm32f10x_md.o(.text)
    TIM1_BRK_IRQHandler                      0x080001c7   Thumb Code     0  startup_stm32f10x_md.o(.text)
    TIM1_CC_IRQHandler                       0x080001c7   Thumb Code     0  startup_stm32f10x_md.o(.text)
    TIM1_TRG_COM_IRQHandler                  0x080001c7   Thumb Code     0  startup_stm32f10x_md.o(.text)
    TIM1_UP_IRQHandler                       0x080001c7   Thumb Code     0  startup_stm32f10x_md.o(.text)
    TIM2_IRQHandler                          0x080001c7   Thumb Code     0  startup_stm32f10x_md.o(.text)
    TIM3_IRQHandler                          0x080001c7   Thumb Code     0  startup_stm32f10x_md.o(.text)
    TIM4_IRQHandler                          0x080001c7   Thumb Code     0  startup_stm32f10x_md.o(.text)
    USART2_IRQHandler                        0x080001c7   Thumb Code     0  startup_stm32f10x_md.o(.text)
    USART3_IRQHandler                        0x080001c7   Thumb Code     0  startup_stm32f10x_md.o(.text)
    USBWakeUp_IRQHandler                     0x080001c7   Thumb Code     0  startup_stm32f10x_md.o(.text)
    USB_HP_CAN1_TX_IRQHandler                0x080001c7   Thumb Code     0  startup_stm32f10x_md.o(.text)
    USB_LP_CAN1_RX0_IRQHandler               0x080001c7   Thumb Code     0  startup_stm32f10x_md.o(.text)
    WWDG_IRQHandler                          0x080001c7   Thumb Code     0  startup_stm32f10x_md.o(.text)
    strcmp                                   0x080001d1   Thumb Code    28  strcmp.o(.text)
    __aeabi_uldivmod                         0x080001ed   Thumb Code    98  uldiv.o(.text)
    __scatterload                            0x08000251   Thumb Code    28  init.o(.text)
    __scatterload_rt2                        0x08000251   Thumb Code     0  init.o(.text)
    __aeabi_llsl                             0x08000275   Thumb Code    30  llshl.o(.text)
    _ll_shift_l                              0x08000275   Thumb Code     0  llshl.o(.text)
    __aeabi_llsr                             0x08000293   Thumb Code    32  llushr.o(.text)
    _ll_ushift_r                             0x08000293   Thumb Code     0  llushr.o(.text)
    CmdTask                                  0x080002b5   Thumb Code    58  my_rtos.o(i.CmdTask)
    GuardFault_Handler                       0x080002f9   Thumb Code    62  my_rtos.o(i.GuardFault_Handler)
    HardFault_Diagnose                       0x08000421   Thumb Code   334  my_rtos.o(i.HardFault_Diagnose)
    LED0_Init                                0x08000775   Thumb Code    42  led.o(i.LED0_Init)
    LED0_Off                                 0x080007a9   Thumb Code    14  led.o(i.LED0_Off)
    LED0_On                                  0x080007bd   Thumb Code    14  led.o(i.LED0_On)
    LED0_Toggle                              0x080007d1   Thumb Code    38  led.o(i.LED0_Toggle)
    LED1_Init                                0x080007fd   Thumb Code    42  led.o(i.LED1_Init)
    LED1_Off                                 0x08000831   Thumb Code    14  led.o(i.LED1_Off)
    LED1_Toggle                              0x08000845   Thumb Code    38  led.o(i.LED1_Toggle)
    My_RTOS_Start                            0x08000871   Thumb Code    84  my_rtos.o(i.My_RTOS_Start)
    NotifyTestTask                           0x080008e9   Thumb Code    36  my_rtos.o(i.NotifyTestTask)
    Start_Task                               0x08000a11   Thumb Code   140  my_rtos.o(i.Start_Task)
    SysTick_Handler                          0x08000ad9   Thumb Code    30  my_rtos.o(i.SysTick_Handler)
    SystemCoreClockUpdate                    0x08000afd   Thumb Code   142  system_stm32f10x.o(i.SystemCoreClockUpdate)
    SystemInit                               0x08000ba1   Thumb Code    78  system_stm32f10x.o(i.SystemInit)
    Task1                                    0x08000c01   Thumb Code    96  my_rtos.o(i.Task1)
    Task2                                    0x08000c89   Thumb Code    34  my_rtos.o(i.Task2)
    TimerDaemonTask                          0x08000cb5   Thumb Code    38  my_rtos.o(i.TimerDaemonTask)
    USART1_IRQHandler                        0x08000ce1   Thumb Code    72  my_rtos.o(i.USART1_IRQHandler)
    Usart_Init                               0x08000d39   Thumb Code   254  usart.o(i.Usart_Init)
    Usart_TransmitChar                       0x08000e51   Thumb Code    22  usart.o(i.Usart_TransmitChar)
    __0printf$8                              0x08000e6d   Thumb Code    22  printf8.o(i.__0printf$8)
    __1printf$8                              0x08000e6d   Thumb Code     0  printf8.o(i.__0printf$8)
    __2printf                                0x08000e6d   Thumb Code     0  printf8.o(i.__0printf$8)
    __scatterload_copy                       0x08000e8d   Thumb Code    14  handlers.o(i.__scatterload_copy)
    __scatterload_null                       0x08000e9b   Thumb Code     2  handlers.o(i.__scatterload_null)
    __scatterload_zeroinit                   0x08000e9d   Thumb Code    14  handlers.o(i.__scatterload_zeroinit)
    delay_list_add                           0x08001319   Thumb Code    60  task.o(i.delay_list_add)
    delay_list_tick                          0x08001359   Thumb Code    60  task.o(i.delay_list_tick)
    enter_critical                           0x08001399   Thumb Code    20  sched.o(i.enter_critical)
    event_group_clear                        0x080013ad   Thumb Code    26  event_groups.o(i.event_group_clear)
    event_group_set                          0x080013c7   Thumb Code   130  event_groups.o(i.event_group_set)
    event_group_wait                         0x08001449   Thumb Code   138  event_groups.o(i.event_group_wait)
    exit_critical                            0x080014e1   Thumb Code    12  sched.o(i.exit_critical)
    fputc                                    0x080014ed   Thumb Code    16  usart.o(i.fputc)
    led_blink_cb                             0x080014fd   Thumb Code    16  my_rtos.o(i.led_blink_cb)
    main                                     0x0800152d   Thumb Code     8  main.o(i.main)
    mutex_lock                               0x08001535   Thumb Code   136  semaphore.o(i.mutex_lock)
    mutex_unlock                             0x080015c1   Thumb Code    88  semaphore.o(i.mutex_unlock)
    need_preempt                             0x08001631   Thumb Code    46  task.o(i.need_preempt)
    pend_to_list                             0x08001665   Thumb Code    30  task.o(i.pend_to_list)
    queue_create                             0x08001683   Thumb Code    46  queue.o(i.queue_create)
    queue_recv                               0x080016b1   Thumb Code   138  queue.o(i.queue_recv)
    queue_send_from_isr                      0x08001741   Thumb Code    82  queue.o(i.queue_send_from_isr)
    scheduler_add                            0x08001795   Thumb Code    66  sched.o(i.scheduler_add)
    scheduler_add_from_isr                   0x080017e1   Thumb Code    36  sched.o(i.scheduler_add_from_isr)
    scheduler_get_next                       0x08001809   Thumb Code    62  sched.o(i.scheduler_get_next)
    scheduler_init                           0x0800184d   Thumb Code    32  sched.o(i.scheduler_init)
    scheduler_on_pendsv                      0x08001875   Thumb Code   114  sched.o(i.scheduler_on_pendsv)
    scheduler_remove                         0x080018f9   Thumb Code    88  sched.o(i.scheduler_remove)
    scheduler_tick_1ms                       0x08001955   Thumb Code    46  sched.o(i.scheduler_tick_1ms)
    systick_init_1ms                         0x08001991   Thumb Code    36  sched.o(i.systick_init_1ms)
    task_create                              0x080019b9   Thumb Code   100  task.o(i.task_create)
    task_delay                               0x08001a25   Thumb Code    68  task.o(i.task_delay)
    task_notify                              0x08001a71   Thumb Code    72  task.o(i.task_notify)
    task_notify_wait                         0x08001abd   Thumb Code   106  task.o(i.task_notify_wait)
    task_stack_init                          0x08001b31   Thumb Code   158  task.o(i.task_stack_init)
    timer_init                               0x08001bcf   Thumb Code    22  timers.o(i.timer_init)
    timer_start                              0x08001be5   Thumb Code    96  timers.o(i.timer_start)
    timer_stop                               0x08001c49   Thumb Code    66  timers.o(i.timer_stop)
    timer_tick                               0x08001c91   Thumb Code    86  timers.o(i.timer_tick)
    vTaskSuspendAll                          0x08001d51   Thumb Code     8  sched.o(i.vTaskSuspendAll)
    wake_one                                 0x08001d5d   Thumb Code    28  task.o(i.wake_one)
    xTaskResumeAll                           0x08001d79   Thumb Code     8  sched.o(i.xTaskResumeAll)
    Region$$Table$$Base                      0x08001d84   Number         0  anon$$obj.o(Region$$Table)
    Region$$Table$$Limit                     0x08001da4   Number         0  anon$$obj.o(Region$$Table)
    test_eg                                  0x20000000   Data           8  my_rtos.o(.data)
    slice_ticks                              0x20000008   Data           4  sched.o(.data)
    slice_expired                            0x2000000c   Data           1  sched.o(.data)
    scheduler_suspended                      0x20000010   Data           4  sched.o(.data)
    system_tick                              0x20000018   Data           4  task.o(.data)
    size                                     0x20000024   Data           1  usart.o(.data)
    Usart1Over                               0x20000025   Data           1  usart.o(.data)
    SystemCoreClock                          0x20000028   Data           4  system_stm32f10x.o(.data)
    AHBPrescTable                            0x2000002c   Data          16  system_stm32f10x.o(.data)
    __stdout                                 0x2000003c   Data           4  stdout.o(.data)
    Start_Task_Handler                       0x20000040   Data          56  my_rtos.o(.bss)
    Start_Task_Stack                         0x20000078   Data         208  my_rtos.o(.bss)
    CmdTask_Handler                          0x20000148   Data          56  my_rtos.o(.bss)
    CmdTask_Stack                            0x20000180   Data         208  my_rtos.o(.bss)
    Task1_Handler                            0x20000250   Data          56  my_rtos.o(.bss)
    Task1_Stack                              0x20000288   Data         208  my_rtos.o(.bss)
    Task2_Handler                            0x20000358   Data          56  my_rtos.o(.bss)
    Task2_Stack                              0x20000390   Data         208  my_rtos.o(.bss)
    timers_deamon_Handler                    0x20000460   Data          56  my_rtos.o(.bss)
    timers_deamon_Stack                      0x20000498   Data         208  my_rtos.o(.bss)
    NotifyTestTask_Handler                   0x20000568   Data          56  my_rtos.o(.bss)
    NotifyTestTask_Stack                     0x200005a0   Data         208  my_rtos.o(.bss)
    queue1                                   0x20000670   Data          32  my_rtos.o(.bss)
    lock                                     0x20000690   Data          16  my_rtos.o(.bss)
    blink_timer                              0x200006a0   Data          28  my_rtos.o(.bss)
    ready_queues                             0x200006bc   Data          32  task.o(.bss)
    timer_queue                              0x200006dc   Data          32  timers.o(.bss)
    timer_queue_buf                          0x200006fc   Data          40  timers.o(.bss)
    buffer                                   0x20000724   Data         100  usart.o(.bss)
    __initial_sp                             0x20000b88   Data           0  startup_stm32f10x_md.o(STACK)
    current_tcb                              0x20000b88   Data           0  task_switch.o(TCB_BSS)



==============================================================================

Memory Map of the image

  Image Entry point : 0x080000ed

  Load Region LR_IROM1 (Base: 0x08000000, Size: 0x00001de4, Max: 0x00010000, ABSOLUTE)

    Execution Region ER_IROM1 (Exec base: 0x08000000, Load base: 0x08000000, Size: 0x00001da4, Max: 0x00010000, ABSOLUTE)

    Exec Addr    Load Addr    Size         Type   Attr      Idx    E Section Name        Object

    0x08000000   0x08000000   0x000000ec   Data   RO          663    RESET               startup_stm32f10x_md.o
    0x080000ec   0x080000ec   0x00000000   Code   RO          709  * .ARM.Collect$$$$00000000  mc_w.l(entry.o)
    0x080000ec   0x080000ec   0x00000004   Code   RO          975    .ARM.Collect$$$$00000001  mc_w.l(entry2.o)
    0x080000f0   0x080000f0   0x00000004   Code   RO          978    .ARM.Collect$$$$00000004  mc_w.l(entry5.o)
    0x080000f4   0x080000f4   0x00000000   Code   RO          980    .ARM.Collect$$$$00000008  mc_w.l(entry7b.o)
    0x080000f4   0x080000f4   0x00000000   Code   RO          982    .ARM.Collect$$$$0000000A  mc_w.l(entry8b.o)
    0x080000f4   0x080000f4   0x00000008   Code   RO          983    .ARM.Collect$$$$0000000B  mc_w.l(entry9a.o)
    0x080000fc   0x080000fc   0x00000000   Code   RO          985    .ARM.Collect$$$$0000000D  mc_w.l(entry10a.o)
    0x080000fc   0x080000fc   0x00000000   Code   RO          987    .ARM.Collect$$$$0000000F  mc_w.l(entry11a.o)
    0x080000fc   0x080000fc   0x00000004   Code   RO          976    .ARM.Collect$$$$00002712  mc_w.l(entry2.o)
    0x08000100   0x08000100   0x000000ac   Code   RO          405    .text               task_switch.o
    0x080001ac   0x080001ac   0x00000024   Code   RO          664    .text               startup_stm32f10x_md.o
    0x080001d0   0x080001d0   0x0000001c   Code   RO          712    .text               mc_w.l(strcmp.o)
    0x080001ec   0x080001ec   0x00000062   Code   RO          992    .text               mc_w.l(uldiv.o)
    0x0800024e   0x0800024e   0x00000002   PAD
    0x08000250   0x08000250   0x00000024   Code   RO         1005    .text               mc_w.l(init.o)
    0x08000274   0x08000274   0x0000001e   Code   RO         1007    .text               mc_w.l(llshl.o)
    0x08000292   0x08000292   0x00000020   Code   RO         1009    .text               mc_w.l(llushr.o)
    0x080002b2   0x080002b2   0x00000002   PAD
    0x080002b4   0x080002b4   0x00000044   Code   RO           18    i.CmdTask           my_rtos.o
    0x080002f8   0x080002f8   0x00000128   Code   RO           19    i.GuardFault_Handler  my_rtos.o
    0x08000420   0x08000420   0x00000354   Code   RO           20    i.HardFault_Diagnose  my_rtos.o
    0x08000774   0x08000774   0x00000034   Code   RO          562    i.LED0_Init         led.o
    0x080007a8   0x080007a8   0x00000014   Code   RO          563    i.LED0_Off          led.o
    0x080007bc   0x080007bc   0x00000014   Code   RO          564    i.LED0_On           led.o
    0x080007d0   0x080007d0   0x0000002c   Code   RO          565    i.LED0_Toggle       led.o
    0x080007fc   0x080007fc   0x00000034   Code   RO          566    i.LED1_Init         led.o
    0x08000830   0x08000830   0x00000014   Code   RO          567    i.LED1_Off          led.o
    0x08000844   0x08000844   0x0000002c   Code   RO          569    i.LED1_Toggle       led.o
    0x08000870   0x08000870   0x00000078   Code   RO           21    i.My_RTOS_Start     my_rtos.o
    0x080008e8   0x080008e8   0x00000040   Code   RO           22    i.NotifyTestTask    my_rtos.o
    0x08000928   0x08000928   0x00000008   Code   RO          668    i.SetSysClock       system_stm32f10x.o
    0x08000930   0x08000930   0x000000e0   Code   RO          669    i.SetSysClockTo72   system_stm32f10x.o
    0x08000a10   0x08000a10   0x000000c8   Code   RO           23    i.Start_Task        my_rtos.o
    0x08000ad8   0x08000ad8   0x00000024   Code   RO           24    i.SysTick_Handler   my_rtos.o
    0x08000afc   0x08000afc   0x000000a4   Code   RO          670    i.SystemCoreClockUpdate  system_stm32f10x.o
    0x08000ba0   0x08000ba0   0x00000060   Code   RO          671    i.SystemInit        system_stm32f10x.o
    0x08000c00   0x08000c00   0x00000088   Code   RO           25    i.Task1             my_rtos.o
    0x08000c88   0x08000c88   0x0000002c   Code   RO           26    i.Task2             my_rtos.o
    0x08000cb4   0x08000cb4   0x0000002c   Code   RO           27    i.TimerDaemonTask   my_rtos.o
    0x08000ce0   0x08000ce0   0x00000058   Code   RO           28    i.USART1_IRQHandler  my_rtos.o
    0x08000d38   0x08000d38   0x00000118   Code   RO          619    i.Usart_Init        usart.o
    0x08000e50   0x08000e50   0x0000001c   Code   RO          620    i.Usart_TransmitChar  usart.o
    0x08000e6c   0x08000e6c   0x00000020   Code   RO          921    i.__0printf$8       mc_w.l(printf8.o)
    0x08000e8c   0x08000e8c   0x0000000e   Code   RO         1017    i.__scatterload_copy  mc_w.l(handlers.o)
    0x08000e9a   0x08000e9a   0x00000002   Code   RO         1018    i.__scatterload_null  mc_w.l(handlers.o)
    0x08000e9c   0x08000e9c   0x0000000e   Code   RO         1019    i.__scatterload_zeroinit  mc_w.l(handlers.o)
    0x08000eaa   0x08000eaa   0x00000008   Code   RO          157    i.__set_BASEPRI     sched.o
    0x08000eb2   0x08000eb2   0x00000002   PAD
    0x08000eb4   0x08000eb4   0x00000410   Code   RO          928    i._printf_core      mc_w.l(printf8.o)
    0x080012c4   0x080012c4   0x00000024   Code   RO          929    i._printf_post_padding  mc_w.l(printf8.o)
    0x080012e8   0x080012e8   0x0000002e   Code   RO          930    i._printf_pre_padding  mc_w.l(printf8.o)
    0x08001316   0x08001316   0x00000002   PAD
    0x08001318   0x08001318   0x00000040   Code   RO          259    i.delay_list_add    task.o
    0x08001358   0x08001358   0x00000040   Code   RO          260    i.delay_list_tick   task.o
    0x08001398   0x08001398   0x00000014   Code   RO          158    i.enter_critical    sched.o
    0x080013ac   0x080013ac   0x0000001a   Code   RO          499    i.event_group_clear  event_groups.o
    0x080013c6   0x080013c6   0x00000082   Code   RO          501    i.event_group_set   event_groups.o
    0x08001448   0x08001448   0x00000098   Code   RO          502    i.event_group_wait  event_groups.o
    0x080014e0   0x080014e0   0x0000000c   Code   RO          159    i.exit_critical     sched.o
    0x080014ec   0x080014ec   0x00000010   Code   RO          622    i.fputc             usart.o
    0x080014fc   0x080014fc   0x00000030   Code   RO           29    i.led_blink_cb      my_rtos.o
    0x0800152c   0x0800152c   0x00000008   Code   RO            1    i.main              main.o
    0x08001534   0x08001534   0x0000008c   Code   RO          348    i.mutex_lock        semaphore.o
    0x080015c0   0x080015c0   0x0000005c   Code   RO          349    i.mutex_unlock      semaphore.o
    0x0800161c   0x0800161c   0x00000014   Code   RO          409    i.my_memcpy         queue.o
    0x08001630   0x08001630   0x00000034   Code   RO          261    i.need_preempt      task.o
    0x08001664   0x08001664   0x0000001e   Code   RO          262    i.pend_to_list      task.o
    0x08001682   0x08001682   0x0000002e   Code   RO          410    i.queue_create      queue.o
    0x080016b0   0x080016b0   0x00000090   Code   RO          411    i.queue_recv        queue.o
    0x08001740   0x08001740   0x00000052   Code   RO          414    i.queue_send_from_isr  queue.o
    0x08001792   0x08001792   0x00000002   PAD
    0x08001794   0x08001794   0x0000004c   Code   RO          160    i.scheduler_add     sched.o
    0x080017e0   0x080017e0   0x00000028   Code   RO          161    i.scheduler_add_from_isr  sched.o
    0x08001808   0x08001808   0x00000044   Code   RO          162    i.scheduler_get_next  sched.o
    0x0800184c   0x0800184c   0x00000028   Code   RO          163    i.scheduler_init    sched.o
    0x08001874   0x08001874   0x00000084   Code   RO          164    i.scheduler_on_pendsv  sched.o
    0x080018f8   0x080018f8   0x0000005c   Code   RO          165    i.scheduler_remove  sched.o
    0x08001954   0x08001954   0x0000003c   Code   RO          166    i.scheduler_tick_1ms  sched.o
    0x08001990   0x08001990   0x00000028   Code   RO          167    i.systick_init_1ms  sched.o
    0x080019b8   0x080019b8   0x0000006c   Code   RO          263    i.task_create       task.o
    0x08001a24   0x08001a24   0x0000004c   Code   RO          264    i.task_delay        task.o
    0x08001a70   0x08001a70   0x0000004c   Code   RO          265    i.task_notify       task.o
    0x08001abc   0x08001abc   0x00000074   Code   RO          267    i.task_notify_wait  task.o
    0x08001b30   0x08001b30   0x0000009e   Code   RO          268    i.task_stack_init   task.o
    0x08001bce   0x08001bce   0x00000016   Code   RO          458    i.timer_init        timers.o
    0x08001be4   0x08001be4   0x00000064   Code   RO          459    i.timer_start       timers.o
    0x08001c48   0x08001c48   0x00000048   Code   RO          460    i.timer_stop        timers.o
    0x08001c90   0x08001c90   0x00000060   Code   RO          461    i.timer_tick        timers.o
    0x08001cf0   0x08001cf0   0x00000018   Code   RO          168    i.trigger_switch    sched.o
    0x08001d08   0x08001d08   0x00000018   Code   RO          269    i.trigger_switch    task.o
    0x08001d20   0x08001d20   0x00000018   Code   RO          355    i.trigger_switch    semaphore.o
    0x08001d38   0x08001d38   0x00000018   Code   RO          415    i.trigger_switch    queue.o
    0x08001d50   0x08001d50   0x0000000c   Code   RO          169    i.vTaskSuspendAll   sched.o
    0x08001d5c   0x08001d5c   0x0000001c   Code   RO          270    i.wake_one          task.o
    0x08001d78   0x08001d78   0x0000000c   Code   RO          170    i.xTaskResumeAll    sched.o
    0x08001d84   0x08001d84   0x00000020   Data   RO         1015    Region$$Table       anon$$obj.o


    Execution Region RW_IRAM1 (Exec base: 0x20000000, Load base: 0x08001da4, Size: 0x00000b8c, Max: 0x00005000, ABSOLUTE)

    Exec Addr    Load Addr    Size         Type   Attr      Idx    E Section Name        Object

    0x20000000   0x08001da4   0x00000008   Data   RW           31    .data               my_rtos.o
    0x20000008   0x08001dac   0x0000000c   Data   RW          171    .data               sched.o
    0x20000014   0x08001db8   0x0000000c   Data   RW          272    .data               task.o
    0x20000020   0x08001dc4   0x00000004   Data   RW          463    .data               timers.o
    0x20000024   0x08001dc8   0x00000002   Data   RW          624    .data               usart.o
    0x20000026   0x08001dca   0x00000002   PAD
    0x20000028   0x08001dcc   0x00000014   Data   RW          672    .data               system_stm32f10x.o
    0x2000003c   0x08001de0   0x00000004   Data   RW          989    .data               mc_w.l(stdout.o)
    0x20000040        -       0x0000067c   Zero   RW           30    .bss                my_rtos.o
    0x200006bc        -       0x00000020   Zero   RW          271    .bss                task.o
    0x200006dc        -       0x00000048   Zero   RW          462    .bss                timers.o
    0x20000724        -       0x00000064   Zero   RW          623    .bss                usart.o
    0x20000788        -       0x00000400   Zero   RW          661    STACK               startup_stm32f10x_md.o
    0x20000b88        -       0x00000004   Zero   RW          404    TCB_BSS             task_switch.o


==============================================================================

Image component sizes


      Code (inc. data)   RO Data    RW Data    ZI Data      Debug   Object Name

       308         14          0          0          0       2753   event_groups.o
       252         50          0          0          0       2668   led.o
         8          0          0          0          0       1827   main.o
      1996        996          0          8       1660     215967   my_rtos.o
       316         14          0          0          0       3450   queue.o
       636         84          0         12          0      23790   sched.o
       256         16          0          0          0       2184   semaphore.o
        36          8        236          0       1024        792   startup_stm32f10x_md.o
       492         50          0         20          0       2741   system_stm32f10x.o
       796         52          0         12         32       7901   task.o
       172         14          0          0          4        328   task_switch.o
       290         20          0          4         72       3251   timers.o
       324         32          0          2        100      18606   usart.o

    ----------------------------------------------------------------------
      5886       1350        268         60       2892     286258   Object Totals
         0          0         32          0          0          0   (incl. Generated)
         4          0          0          2          0          0   (incl. Padding)

    ----------------------------------------------------------------------

      Code (inc. data)   RO Data    RW Data    ZI Data      Debug   Library Member Name

         0          0          0          0          0          0   entry.o
         0          0          0          0          0          0   entry10a.o
         0          0          0          0          0          0   entry11a.o
         8          4          0          0          0          0   entry2.o
         4          0          0          0          0          0   entry5.o
         0          0          0          0          0          0   entry7b.o
         0          0          0          0          0          0   entry8b.o
         8          4          0          0          0          0   entry9a.o
        30          0          0          0          0          0   handlers.o
        36          8          0          0          0         68   init.o
        30          0          0          0          0         68   llshl.o
        32          0          0          0          0         68   llushr.o
      1154         54          0          0          0        352   printf8.o
         0          0          0          4          0          0   stdout.o
        28          0          0          0          0         76   strcmp.o
        98          0          0          0          0         92   uldiv.o

    ----------------------------------------------------------------------
      1434         70          0          4          0        724   Library Totals
         6          0          0          0          0          0   (incl. Padding)

    ----------------------------------------------------------------------

      Code (inc. data)   RO Data    RW Data    ZI Data      Debug   Library Name

      1428         70          0          4          0        724   mc_w.l

    ----------------------------------------------------------------------
      1434         70          0          4          0        724   Library Totals

    ----------------------------------------------------------------------

==============================================================================


      Code (inc. data)   RO Data    RW Data    ZI Data      Debug   

      7320       1420        268         64       2892     283442   Grand Totals
      7320       1420        268         64       2892     283442   ELF Image Totals
      7320       1420        268         64          0          0   ROM Totals

==============================================================================

    Total RO  Size (Code + RO Data)                 7588 (   7.41kB)
    Total RW  Size (RW Data + ZI Data)              2956 (   2.89kB)
    Total ROM Size (Code + RO Data + RW Data)       7652 (   7.47kB)

==============================================================================

